Archive member included to satisfy reference by file (symbol)

C:/ST/STM32CubeIDE_1.19.0/STM32CubeIDE/plugins/com.st.stm32cube.ide.mcu.externaltools.gnu-tools-for-stm32.13.3.rel1.win32_1.0.0.202411081344/tools/bin/../lib/gcc/arm-none-eabi/13.3.1/../../../../arm-none-eabi/lib/thumb/v7e-m+fp/hard\libc_nano.a(libc_a-exit.o)
                              C:/ST/STM32CubeIDE_1.19.0/STM32CubeIDE/plugins/com.st.stm32cube.ide.mcu.externaltools.gnu-tools-for-stm32.13.3.rel1.win32_1.0.0.202411081344/tools/bin/../lib/gcc/arm-none-eabi/13.3.1/../../../../arm-none-eabi/lib/thumb/v7e-m+fp/hard/crt0.o (exit)
C:/ST/STM32CubeIDE_1.19.0/STM32CubeIDE/plugins/com.st.stm32cube.ide.mcu.externaltools.gnu-tools-for-stm32.13.3.rel1.win32_1.0.0.202411081344/tools/bin/../lib/gcc/arm-none-eabi/13.3.1/../../../../arm-none-eabi/lib/thumb/v7e-m+fp/hard\libc_nano.a(libc_a-findfp.o)
                              C:/ST/STM32CubeIDE_1.19.0/STM32CubeIDE/plugins/com.st.stm32cube.ide.mcu.externaltools.gnu-tools-for-stm32.13.3.rel1.win32_1.0.0.202411081344/tools/bin/../lib/gcc/arm-none-eabi/13.3.1/../../../../arm-none-eabi/lib/thumb/v7e-m+fp/hard\libc_nano.a(libc_a-exit.o) (__stdio_exit_handler)
C:/ST/STM32CubeIDE_1.19.0/STM32CubeIDE/plugins/com.st.stm32cube.ide.mcu.externaltools.gnu-tools-for-stm32.13.3.rel1.win32_1.0.0.202411081344/tools/bin/../lib/gcc/arm-none-eabi/13.3.1/../../../../arm-none-eabi/lib/thumb/v7e-m+fp/hard\libc_nano.a(libc_a-fwalk.o)
                              C:/ST/STM32CubeIDE_1.19.0/STM32CubeIDE/plugins/com.st.stm32cube.ide.mcu.externaltools.gnu-tools-for-stm32.13.3.rel1.win32_1.0.0.202411081344/tools/bin/../lib/gcc/arm-none-eabi/13.3.1/../../../../arm-none-eabi/lib/thumb/v7e-m+fp/hard\libc_nano.a(libc_a-findfp.o) (_fwalk_sglue)
C:/ST/STM32CubeIDE_1.19.0/STM32CubeIDE/plugins/com.st.stm32cube.ide.mcu.externaltools.gnu-tools-for-stm32.13.3.rel1.win32_1.0.0.202411081344/tools/bin/../lib/gcc/arm-none-eabi/13.3.1/../../../../arm-none-eabi/lib/thumb/v7e-m+fp/hard\libc_nano.a(libc_a-printf.o)
                              ./Core/Src/motor_controller.o (printf)
C:/ST/STM32CubeIDE_1.19.0/STM32CubeIDE/plugins/com.st.stm32cube.ide.mcu.externaltools.gnu-tools-for-stm32.13.3.rel1.win32_1.0.0.202411081344/tools/bin/../lib/gcc/arm-none-eabi/13.3.1/../../../../arm-none-eabi/lib/thumb/v7e-m+fp/hard\libc_nano.a(libc_a-puts.o)
                              ./Core/Src/main.o (puts)
C:/ST/STM32CubeIDE_1.19.0/STM32CubeIDE/plugins/com.st.stm32cube.ide.mcu.externaltools.gnu-tools-for-stm32.13.3.rel1.win32_1.0.0.202411081344/tools/bin/../lib/gcc/arm-none-eabi/13.3.1/../../../../arm-none-eabi/lib/thumb/v7e-m+fp/hard\libc_nano.a(libc_a-stdio.o)
                              C:/ST/STM32CubeIDE_1.19.0/STM32CubeIDE/plugins/com.st.stm32cube.ide.mcu.externaltools.gnu-tools-for-stm32.13.3.rel1.win32_1.0.0.202411081344/tools/bin/../lib/gcc/arm-none-eabi/13.3.1/../../../../arm-none-eabi/lib/thumb/v7e-m+fp/hard\libc_nano.a(libc_a-findfp.o) (__sread)
C:/ST/STM32CubeIDE_1.19.0/STM32CubeIDE/plugins/com.st.stm32cube.ide.mcu.externaltools.gnu-tools-for-stm32.13.3.rel1.win32_1.0.0.202411081344/tools/bin/../lib/gcc/arm-none-eabi/13.3.1/../../../../arm-none-eabi/lib/thumb/v7e-m+fp/hard\libc_nano.a(libc_a-wbuf.o)
                              C:/ST/STM32CubeIDE_1.19.0/STM32CubeIDE/plugins/com.st.stm32cube.ide.mcu.externaltools.gnu-tools-for-stm32.13.3.rel1.win32_1.0.0.202411081344/tools/bin/../lib/gcc/arm-none-eabi/13.3.1/../../../../arm-none-eabi/lib/thumb/v7e-m+fp/hard\libc_nano.a(libc_a-puts.o) (__swbuf_r)
C:/ST/STM32CubeIDE_1.19.0/STM32CubeIDE/plugins/com.st.stm32cube.ide.mcu.externaltools.gnu-tools-for-stm32.13.3.rel1.win32_1.0.0.202411081344/tools/bin/../lib/gcc/arm-none-eabi/13.3.1/../../../../arm-none-eabi/lib/thumb/v7e-m+fp/hard\libc_nano.a(libc_a-wsetup.o)
                              C:/ST/STM32CubeIDE_1.19.0/STM32CubeIDE/plugins/com.st.stm32cube.ide.mcu.externaltools.gnu-tools-for-stm32.13.3.rel1.win32_1.0.0.202411081344/tools/bin/../lib/gcc/arm-none-eabi/13.3.1/../../../../arm-none-eabi/lib/thumb/v7e-m+fp/hard\libc_nano.a(libc_a-puts.o) (__swsetup_r)
C:/ST/STM32CubeIDE_1.19.0/STM32CubeIDE/plugins/com.st.stm32cube.ide.mcu.externaltools.gnu-tools-for-stm32.13.3.rel1.win32_1.0.0.202411081344/tools/bin/../lib/gcc/arm-none-eabi/13.3.1/../../../../arm-none-eabi/lib/thumb/v7e-m+fp/hard\libc_nano.a(libc_a-memset.o)
                              C:/ST/STM32CubeIDE_1.19.0/STM32CubeIDE/plugins/com.st.stm32cube.ide.mcu.externaltools.gnu-tools-for-stm32.13.3.rel1.win32_1.0.0.202411081344/tools/bin/../lib/gcc/arm-none-eabi/13.3.1/../../../../arm-none-eabi/lib/thumb/v7e-m+fp/hard/crt0.o (memset)
C:/ST/STM32CubeIDE_1.19.0/STM32CubeIDE/plugins/com.st.stm32cube.ide.mcu.externaltools.gnu-tools-for-stm32.13.3.rel1.win32_1.0.0.202411081344/tools/bin/../lib/gcc/arm-none-eabi/13.3.1/../../../../arm-none-eabi/lib/thumb/v7e-m+fp/hard\libc_nano.a(libc_a-closer.o)
[...]
Memory Configuration

Name             Origin             Length             Attributes
RAM              0x20000000         0x00020000         xrw
FLASH            0x08000000         0x00080000         xr
*default*        0x00000000         0xffffffff

Linker script and memory map

LOAD C:/ST/STM32CubeIDE_1.19.0/STM32CubeIDE/plugins/com.st.stm32cube.ide.mcu.externaltools.gnu-tools-for-stm32.13.3.rel1.win32_1.0.0.202411081344/tools/bin/../lib/gcc/arm-none-eabi/13.3.1/thumb/v7e-m+fp/hard/crti.o
LOAD C:/ST/STM32CubeIDE_1.19.0/STM32CubeIDE/plugins/com.st.stm32cube.ide.mcu.externaltools.gnu-tools-for-stm32.13.3.rel1.win32_1.0.0.202411081344/tools/bin/../lib/gcc/arm-none-eabi/13.3.1/thumb/v7e-m+fp/hard/crtbegin.o
LOAD C:/ST/STM32CubeIDE_1.19.0/STM32CubeIDE/plugins/com.st.stm32cube.ide.mcu.externaltools.gnu-tools-for-stm32.13.3.rel1.win32_1.0.0.202411081344/tools/bin/../lib/gcc/arm-none-eabi/13.3.1/../../../../arm-none-eabi/lib/thumb/v7e-m+fp/hard/crt0.o
LOAD ./Core/Src/hw_io.o
LOAD ./Core/Src/main.o
LOAD ./Core/Src/modbus_bridge.o
LOAD ./Core/Src/modbus_rtu.o
LOAD ./Core/Src/motor_controller.o
LOAD ./Core/Src/stm32g4xx_hal_msp.o
LOAD ./Core/Src/stm32g4xx_it.o
LOAD ./Core/Src/syscalls.o
LOAD ./Core/Src/sysmem.o
LOAD ./Core/Src/system_stm32g4xx.o
LOAD ./Core/Startup/startup_stm32g474retx.o
LOAD ./Drivers/STM32G4xx_HAL_Driver/Src/stm32g4xx_hal.o
LOAD ./Drivers/STM32G4xx_HAL_Driver/Src/stm32g4xx_hal_cortex.o
LOAD ./Drivers/STM32G4xx_HAL_Driver/Src/stm32g4xx_hal_dma.o
LOAD ./Drivers/STM32G4xx_HAL_Driver/Src/stm32g4xx_hal_dma_ex.o
LOAD ./Drivers/STM32G4xx_HAL_Driver/Src/stm32g4xx_hal_exti.o
LOAD ./Drivers/STM32G4xx_HAL_Driver/Src/stm32g4xx_hal_fdcan.o
LOAD ./Drivers/STM32G4xx_HAL_Driver/Src/stm32g4xx_hal_flash.o
LOAD ./Drivers/STM32G4xx_HAL_Driver/Src/stm32g4xx_hal_flash_ex.o
LOAD ./Drivers/STM32G4xx_HAL_Driver/Src/stm32g4xx_hal_flash_ramfunc.o
LOAD ./Drivers/STM32G4xx_HAL_Driver/Src/stm32g4xx_hal_gpio.o
LOAD ./Drivers/STM32G4xx_HAL_Driver/Src/stm32g4xx_hal_pwr.o
LOAD ./Drivers/STM32G4xx_HAL_Driver/Src/stm32g4xx_hal_pwr_ex.o
LOAD ./Drivers/STM32G4xx_HAL_Driver/Src/stm32g4xx_hal_rcc.o
LOAD ./Drivers/STM32G4xx_HAL_Driver/Src/stm32g4xx_hal_rcc_ex.o
LOAD ./Drivers/STM32G4xx_HAL_Driver/Src/stm32g4xx_hal_tim.o
LOAD ./Drivers/STM32G4xx_HAL_Driver/Src/stm32g4xx_hal_tim_ex.o
LOAD ./Drivers/STM32G4xx_HAL_Driver/Src/stm32g4xx_hal_uart.o
LOAD ./Drivers/STM32G4xx_HAL_Driver/Src/stm32g4xx_hal_uart_ex.o
START GROUP
LOAD C:/ST/STM32CubeIDE_1.19.0/STM32CubeIDE/plugins/com.st.stm32cube.ide.mcu.externaltools.gnu-tools-for-stm32.13.3.rel1.win32_1.0.0.202411081344/tools/bin/../lib/gcc/arm-none-eabi/13.3.1/../../../../arm-none-eabi/lib/thumb/v7e-m+fp/hard\libc_nano.a
LOAD C:/ST/STM32CubeIDE_1.19.0/STM32CubeIDE/plugins/com.st.stm32cube.ide.mcu.externaltools.gnu-tools-for-stm32.13.3.rel1.win32_1.0.0.202411081344/tools/bin/../lib/gcc/arm-none-eabi/13.3.1/../../../../arm-none-eabi/lib/thumb/v7e-m+fp/hard\libm.a
END GROUP
START GROUP
LOAD C:/ST/STM32CubeIDE_1.19.0/STM32CubeIDE/plugins/com.st.stm32cube.ide.mcu.externaltools.gnu-tools-for-stm32.13.3.rel1.win32_1.0.0.202411081344/tools/bin/../lib/gcc/arm-none-eabi/13.3.1/thumb/v7e-m+fp/hard\libgcc.a
LOAD C:/ST/STM32CubeIDE_1.19.0/STM32CubeIDE/plugins/com.st.stm32cube.ide.mcu.externaltools.gnu-tools-for-stm32.13.3.rel1.win32_1.0.0.202411081344/tools/bin/../lib/gcc/arm-none-eabi/13.3.1/../../../../arm-none-eabi/lib/thumb/v7e-m+fp/hard\libc_nano.a
END GROUP
START GROUP
LOAD C:/ST/STM32CubeIDE_1.19.0/STM32CubeIDE/plugins/com.st.stm32cube.ide.mcu.externaltools.gnu-tools-for-stm32.13.3.rel1.win32_1.0.0.202411081344/tools/bin/../lib/gcc/arm-none-eabi/13.3.1/thumb/v7e-m+fp/hard\libgcc.a
LOAD C:/ST/STM32CubeIDE_1.19.0/STM32CubeIDE/plugins/com.st.stm32cube.ide.mcu.externaltools.gnu-tools-for-stm32.13.3.rel1.win32_1.0.0.202411081344/tools/bin/../lib/gcc/arm-none-eabi/13.3.1/../../../../arm-none-eabi/lib/thumb/v7e-m+fp/hard\libc_nano.a
LOAD C:/ST/STM32CubeIDE_1.19.0/STM32CubeIDE/plugins/com.st.stm32cube.ide.mcu.externaltools.gnu-tools-for-stm32.13.3.rel1.win32_1.0.0.202411081344/tools/bin/../lib/gcc/arm-none-eabi/13.3.1/../../../../arm-none-eabi/lib/thumb/v7e-m+fp/hard\libnosys.a
END GROUP
START GROUP
LOAD C:/ST/STM32CubeIDE_1.19.0/STM32CubeIDE/plugins/com.st.stm32cube.ide.mcu.externaltools.gnu-tools-for-stm32.13.3.rel1.win32_1.0.0.202411081344/tools/bin/../lib/gcc/arm-none-eabi/13.3.1/thumb/v7e-m+fp/hard\libgcc.a
LOAD C:/ST/STM32CubeIDE_1.19.0/STM32CubeIDE/plugins/com.st.stm32cube.ide.mcu.externaltools.gnu-tools-for-stm32.13.3.rel1.win32_1.0.0.202411081344/tools/bin/../lib/gcc/arm-none-eabi/13.3.1/../../../../arm-none-eabi/lib/thumb/v7e-m+fp/hard\libc_nano.a
LOAD C:/ST/STM32CubeIDE_1.19.0/STM32CubeIDE/plugins/com.st.stm32cube.ide.mcu.externaltools.gnu-tools-for-stm32.13.3.rel1.win32_1.0.0.202411081344/tools/bin/../lib/gcc/arm-none-eabi/13.3.1/../../../../arm-none-eabi/lib/thumb/v7e-m+fp/hard\libnosys.a
END GROUP
LOAD C:/ST/STM32CubeIDE_1.19.0/STM32CubeIDE/plugins/com.st.stm32cube.ide.mcu.externaltools.gnu-tools-for-stm32.13.3.rel1.win32_1.0.0.202411081344/tools/bin/../lib/gcc/arm-none-eabi/13.3.1/thumb/v7e-m+fp/hard/crtend.o
LOAD C:/ST/STM32CubeIDE_1.19.0/STM32CubeIDE/plugins/com.st.stm32cube.ide.mcu.externaltools.gnu-tools-for-stm32.13.3.rel1.win32_1.0.0.202411081344/tools/bin/../lib/gcc/arm-none-eabi/13.3.1/thumb/v7e-m+fp/hard/crtn.o
                0x20020000                        _estack = (ORIGIN (RAM) + LENGTH (RAM))
                0x00000200                        _Min_Heap_Size = 0x200
                0x00000400                        _Min_Stack_Size = 0x400

.isr_vector     0x08000000      0x1d8
                0x08000000                        . = ALIGN (0x4)
 *(.isr_vector)
 .isr_vector    0x08000000      0x1d8 ./Core/Startup/startup_stm32g474retx.o
                0x08000000                g_pfnVectors
                0x080001d8                        . = ALIGN (0x4)

.text           0x080001e0     0xb6c0
                0x080001e0                        . = ALIGN (0x4)
 *(.text)
 .text          0x080001e0       0x40 C:/ST/STM32CubeIDE_1.19.0/STM32CubeIDE/plugins/com.st.stm32cube.ide.mcu.externaltools.gnu-tools-for-stm32.13.3.rel1.win32_1.0.0.202411081344/tools/bin/../lib/gcc/arm-none-eabi/13.3.1/thumb/v7e-m+fp/hard/crtbegin.o
 .text          0x08000220       0xa0 C:/ST/STM32CubeIDE_1.19.0/STM32CubeIDE/plugins/com.st.stm32cube.ide.mcu.externaltools.gnu-tools-for-stm32.13.3.rel1.win32_1.0.0.202411081344/tools/bin/../lib/gcc/arm-none-eabi/13.3.1/../../../../arm-none-eabi/lib/thumb/v7e-m+fp/hard\libc_nano.a(libc_a-memchr.o)
                0x08000220                memchr
 .text          0x080002c0      0x378 C:/ST/STM32CubeIDE_1.19.0/STM32CubeIDE/plugins/com.st.stm32cube.ide.mcu.externaltools.gnu-tools-for-stm32.13.3.rel1.win32_1.0.0.202411081344/tools/bin/../lib/gcc/arm-none-eabi/13.3.1/thumb/v7e-m+fp/hard\libgcc.a(_arm_addsubdf3.o)
                0x080002c0                __aeabi_drsub
                0x080002c8                __aeabi_dsub
                0x080002c8                __subdf3
                0x080002cc                __aeabi_dadd
                0x080002cc                __adddf3
                0x08000544                __floatunsidf
                0x08000544                __aeabi_ui2d
                0x08000564                __floatsidf
                0x08000564                __aeabi_i2d
                0x08000588                __aeabi_f2d
                0x08000588                __extendsfdf2
                0x080005cc                __floatundidf
                0x080005cc                __aeabi_ul2d
                0x080005dc                __floatdidf
                0x080005dc                __aeabi_l2d
 .text          0x08000638       0x30 C:/ST/STM32CubeIDE_1.19.0/STM32CubeIDE/plugins/com.st.stm32cube.ide.mcu.externaltools.gnu-tools-for-stm32.13.3.rel1.win32_1.0.0.202411081344/tools/bin/../lib/gcc/arm-none-eabi/13.3.1/thumb/v7e-m+fp/hard\libgcc.a(_aeabi_uldivmod.o)
                0x08000638                __aeabi_uldivmod
 .text          0x08000668      0x2f8 C:/ST/STM32CubeIDE_1.19.0/STM32CubeIDE/plugins/com.st.stm32cube.ide.mcu.externaltools.gnu-tools-for-stm32.13.3.rel1.win32_1.0.0.202411081344/tools/bin/../lib/gcc/arm-none-eabi/13.3.1/thumb/v7e-m+fp/hard\libgcc.a(_udivmoddi4.o)
                0x08000668                __udivmoddi4
 .text          0x08000960        0x4 C:/ST/STM32CubeIDE_1.19.0/STM32CubeIDE/plugins/com.st.stm32cube.ide.mcu.externaltools.gnu-tools-for-stm32.13.3.rel1.win32_1.0.0.202411081344/tools/bin/../lib/gcc/arm-none-eabi/13.3.1/thumb/v7e-m+fp/hard\libgcc.a(_dvmd_tls.o)
                0x08000960                __aeabi_idiv0
                0x08000960                __aeabi_ldiv0
 *(.text*)
 .text.apply_outputs
                0x08000964      0x108 ./Core/Src/hw_io.o
 .text.HW_Init  0x08000a6c       0x48 ./Core/Src/hw_io.o
                0x08000a6c                HW_Init
 .text.HW_RefreshIO
                0x08000ab4      0x158 ./Core/Src/hw_io.o
                0x08000ab4                HW_RefreshIO
 .text.HW_EStop_Trigger
                0x08000c0c       0x2c ./Core/Src/hw_io.o
                0x08000c0c                HW_EStop_Trigger
 .text.main     0x08000c38      0x1bc ./Core/Src/main.o
                0x08000c38                main
 .text.SystemClock_Config
                0x08000df4       0x96 ./Core/Src/main.o
                0x08000df4                SystemClock_Config
 *fill*         0x08000e8a        0x2 
 .text.MX_FDCAN1_Init
                0x08000e8c       0x8c ./Core/Src/main.o
 .text.MX_LPUART1_UART_Init
                0x08000f18       0x94 ./Core/Src/main.o
 .text.MX_USART3_UART_Init
                0x08000fac       0xa0 ./Core/Src/main.o
 .text.MX_TIM1_Init
                0x0800104c      0x160 ./Core/Src/main.o
 .text.MX_TIM3_Init
                0x080011ac       0xac ./Core/Src/main.o
 .text.MX_TIM6_Init
                0x08001258       0x6c ./Core/Src/main.o
 .text.MX_TIM16_Init
                0x080012c4       0x4c ./Core/Src/main.o
 .text.MX_GPIO_Init
                0x08001310      0x194 ./Core/Src/main.o
 .text._write   0x080014a4       0x2c ./Core/Src/main.o
                0x080014a4                _write
 .text.HAL_GPIO_EXTI_Callback
                0x080014d0       0x1c ./Core/Src/main.o
                0x080014d0                HAL_GPIO_EXTI_Callback
 .text.HAL_TIM_PeriodElapsedCallback
                0x080014ec       0x24 ./Core/Src/main.o
                0x080014ec                HAL_TIM_PeriodElapsedCallback
 .text.HAL_UART_RxCpltCallback
                0x08001510       0xe4 ./Core/Src/main.o
                0x08001510                HAL_UART_RxCpltCallback
 .text.Error_Handler
                0x080015f4        0xc ./Core/Src/main.o
                0x080015f4                Error_Handler
 .text.ModbusBridge_HandleCommands
                0x08001600      0x214 ./Core/Src/modbus_bridge.o
 .text.ModbusBridge_Init
                0x08001814       0x58 ./Core/Src/modbus_bridge.o
                0x08001814                ModbusBridge_Init
 .text.ModbusBridge_Process
                0x0800186c       0x18 ./Core/Src/modbus_bridge.o
                0x0800186c                ModbusBridge_Process
 .text.ModbusBridge_UpdateRegisters
                0x08001884       0xb0 ./Core/Src/modbus_bridge.o
                0x08001884                ModbusBridge_UpdateRegisters
 .text.ModbusBridge_RxCallback
                0x08001934       0x7c ./Core/Src/modbus_bridge.o
                0x08001934                ModbusBridge_RxCallback
 .text.CRC16    0x080019b0       0x70 ./Core/Src/modbus_rtu.o
 .text.Modbus_Init
                0x08001a20       0x38 ./Core/Src/modbus_rtu.o
                0x08001a20                Modbus_Init
 .text.Modbus_ErrorReply
                0x08001a58       0x38 ./Core/Src/modbus_rtu.o
 .text.Modbus_WriteSingleRegister
                0x08001a90       0x6c ./Core/Src/modbus_rtu.o
 .text.Modbus_ReadHoldingRegisters
                0x08001afc       0xda ./Core/Src/modbus_rtu.o
 .text.Modbus_Dispatch
                0x08001bd6       0x36 ./Core/Src/modbus_rtu.o
 .text.Modbus_Emit
                0x08001c0c       0x9c ./Core/Src/modbus_rtu.o
 .text.Modbus_Process
                0x08001ca8      0x158 ./Core/Src/modbus_rtu.o
                0x08001ca8                Modbus_Process
 .text.PID_Compute
                0x08001e00      0x138 ./Core/Src/motor_controller.o
 .text.PWM_Apply
                0x08001f38      0x114 ./Core/Src/motor_controller.o
 .text.Encoder_Update
                0x0800204c       0xf0 ./Core/Src/motor_controller.o
 .text.Trajectory_Generator_Update
                0x0800213c      0x380 ./Core/Src/motor_controller.o
 .text.Motor_RunHomingSequence
                0x080024bc      0x34c ./Core/Src/motor_controller.o
                0x080024bc                Motor_RunHomingSequence
 .text.Motor_Init
                0x08002808      0x15c ./Core/Src/motor_controller.o
                0x08002808                Motor_Init
 .text.Motor_MoveToPosition
                0x08002964       0x3c ./Core/Src/motor_controller.o
                0x08002964                Motor_MoveToPosition
 .text.Motor_SendAudioCommand
                0x080029a0       0x24 ./Core/Src/motor_controller.o
                0x080029a0                Motor_SendAudioCommand
 .text.Motor_SetVoltageLimit
                0x080029c4       0x60 ./Core/Src/motor_controller.o
                0x080029c4                Motor_SetVoltageLimit
 .text.Motor_SetMotionProfile
                0x08002a24       0x54 ./Core/Src/motor_controller.o
                0x08002a24                Motor_SetMotionProfile
 .text.Motor_SendDataToMatlab
                0x08002a78      0x184 ./Core/Src/motor_controller.o
                0x08002a78                Motor_SendDataToMatlab
 .text.Motor_StartAutotune
                0x08002bfc       0x90 ./Core/Src/motor_controller.o
                0x08002bfc                Motor_StartAutotune
 .text.Motor_StartAutotuneSpeed
                0x08002c8c       0x9c ./Core/Src/motor_controller.o
                0x08002c8c                Motor_StartAutotuneSpeed
 .text.Motor_ProcessPacket
                0x08002d28      0x13c ./Core/Src/motor_controller.o
                0x08002d28                Motor_ProcessPacket
 .text.Motor_ProcessCommand
                0x08002e64      0x504 ./Core/Src/motor_controller.o
                0x08002e64                Motor_ProcessCommand
 .text.Motor_ControlLoop
                0x08003368     0x1024 ./Core/Src/motor_controller.o
                0x08003368                Motor_ControlLoop
 .text.Motor_GetPosition
                0x0800438c       0x1c ./Core/Src/motor_controller.o
                0x0800438c                Motor_GetPosition
 .text.Motor_GetSpeed
                0x080043a8       0x1c ./Core/Src/motor_controller.o
                0x080043a8                Motor_GetSpeed
 .text.Gripper_Up
                0x080043c4       0x14 ./Core/Src/motor_controller.o
                0x080043c4                Gripper_Up
 .text.Gripper_Down
                0x080043d8       0x14 ./Core/Src/motor_controller.o
                0x080043d8                Gripper_Down
 .text.Gripper_Open
                0x080043ec       0x14 ./Core/Src/motor_controller.o
                0x080043ec                Gripper_Open
 .text.Gripper_Close
                0x08004400       0x14 ./Core/Src/motor_controller.o
                0x08004400                Gripper_Close
 .text.Gripper_Toggle
                0x08004414       0x3c ./Core/Src/motor_controller.o
                0x08004414                Gripper_Toggle
 .text.Gripper_Sequence_Pick
                0x08004450       0x2c ./Core/Src/motor_controller.o
                0x08004450                Gripper_Sequence_Pick
 .text.Gripper_Sequence_Place
                0x0800447c       0x2c ./Core/Src/motor_controller.o
                0x0800447c                Gripper_Sequence_Place
 .text.HAL_MspInit
                0x080044a8       0x48 ./Core/Src/stm32g4xx_hal_msp.o
                0x080044a8                HAL_MspInit
 .text.HAL_FDCAN_MspInit
                0x080044f0       0xb4 ./Core/Src/stm32g4xx_hal_msp.o
                0x080044f0                HAL_FDCAN_MspInit
 .text.HAL_UART_MspInit
                0x080045a4      0x154 ./Core/Src/stm32g4xx_hal_msp.o
                0x080045a4                HAL_UART_MspInit
 .text.HAL_TIM_Base_MspInit
                0x080046f8       0xbc ./Core/Src/stm32g4xx_hal_msp.o
                0x080046f8                HAL_TIM_Base_MspInit
 .text.HAL_TIM_Encoder_MspInit
                0x080047b4       0x88 ./Core/Src/stm32g4xx_hal_msp.o
                0x080047b4                HAL_TIM_Encoder_MspInit
 .text.HAL_TIM_MspPostInit
                0x0800483c       0x70 ./Core/Src/stm32g4xx_hal_msp.o
                0x0800483c                HAL_TIM_MspPostInit
 .text.NMI_Handler
                0x080048ac        0x8 ./Core/Src/stm32g4xx_it.o
                0x080048ac                NMI_Handler
 .text.HardFault_Handler
                0x080048b4        0x8 ./Core/Src/stm32g4xx_it.o
                0x080048b4                HardFault_Handler
 .text.MemManage_Handler
                0x080048bc        0x8 ./Core/Src/stm32g4xx_it.o
                0x080048bc                MemManage_Handler
 .text.BusFault_Handler
                0x080048c4        0x8 ./Core/Src/stm32g4xx_it.o
                0x080048c4                BusFault_Handler
 .text.UsageFault_Handler
                0x080048cc        0x8 ./Core/Src/stm32g4xx_it.o
                0x080048cc                UsageFault_Handler
 .text.SVC_Handler
                0x080048d4        0xe ./Core/Src/stm32g4xx_it.o
                0x080048d4                SVC_Handler
 .text.DebugMon_Handler
                0x080048e2        0xe ./Core/Src/stm32g4xx_it.o
                0x080048e2                DebugMon_Handler
 .text.PendSV_Handler
                0x080048f0        0xe ./Core/Src/stm32g4xx_it.o
                0x080048f0                PendSV_Handler
 .text.SysTick_Handler
                0x080048fe        0xc ./Core/Src/stm32g4xx_it.o
                0x080048fe                SysTick_Handler
 .text.EXTI9_5_IRQHandler
                0x0800490a        0xe ./Core/Src/stm32g4xx_it.o
                0x0800490a                EXTI9_5_IRQHandler
 .text.TIM1_UP_TIM16_IRQHandler
                0x08004918       0x1c ./Core/Src/stm32g4xx_it.o
                0x08004918                TIM1_UP_TIM16_IRQHandler
 .text.USART3_IRQHandler
                0x08004934       0x14 ./Core/Src/stm32g4xx_it.o
                0x08004934                USART3_IRQHandler
 .text.EXTI15_10_IRQHandler
                0x08004948       0x10 ./Core/Src/stm32g4xx_it.o
                0x08004948                EXTI15_10_IRQHandler
 .text.TIM6_DAC_IRQHandler
                0x08004958       0x14 ./Core/Src/stm32g4xx_it.o
                0x08004958                TIM6_DAC_IRQHandler
 .text.LPUART1_IRQHandler
                0x0800496c       0x14 ./Core/Src/stm32g4xx_it.o
                0x0800496c                LPUART1_IRQHandler
 .text._read    0x08004980       0x3a ./Core/Src/syscalls.o
                0x08004980                _read
 .text._close   0x080049ba       0x18 ./Core/Src/syscalls.o
                0x080049ba                _close
 .text._fstat   0x080049d2       0x20 ./Core/Src/syscalls.o
                0x080049d2                _fstat
 .text._isatty  0x080049f2       0x16 ./Core/Src/syscalls.o
                0x080049f2                _isatty
 .text._lseek   0x08004a08       0x1a ./Core/Src/syscalls.o
                0x08004a08                _lseek
 *fill*         0x08004a22        0x2 
 .text._sbrk    0x08004a24       0x6c ./Core/Src/sysmem.o
                0x08004a24                _sbrk
 .text.SystemInit
                0x08004a90       0x24 ./Core/Src/system_stm32g4xx.o
                0x08004a90                SystemInit
 .text.Reset_Handler
                0x08004ab4       0x50 ./Core/Startup/startup_stm32g474retx.o
                0x08004ab4                Reset_Handler
 .text.Default_Handler
                0x08004b04        0x2 ./Core/Startup/startup_stm32g474retx.o
                0x08004b04                RTC_Alarm_IRQHandler
                0x08004b04                EXTI2_IRQHandler
                0x08004b04                TIM8_TRG_COM_IRQHandler
                0x08004b04                TIM8_CC_IRQHandler
                0x08004b04                HRTIM1_Master_IRQHandler
                0x08004b04                SPI4_IRQHandler
                0x08004b04                FDCAN3_IT0_IRQHandler
                0x08004b04                TIM1_CC_IRQHandler
                0x08004b04                HRTIM1_FLT_IRQHandler
                0x08004b04                HRTIM1_TIMF_IRQHandler
                0x08004b04                USB_HP_IRQHandler
                0x08004b04                CORDIC_IRQHandler
                0x08004b04                HRTIM1_TIMD_IRQHandler
                0x08004b04                DMA2_Channel8_IRQHandler
                0x08004b04                EXTI3_IRQHandler
                0x08004b04                I2C3_ER_IRQHandler
                0x08004b04                EXTI0_IRQHandler
                0x08004b04                I2C2_EV_IRQHandler
                0x08004b04                FPU_IRQHandler
                0x08004b04                FDCAN1_IT1_IRQHandler
                0x08004b04                ADC1_2_IRQHandler
                0x08004b04                HRTIM1_TIME_IRQHandler
                0x08004b04                SPI1_IRQHandler
                0x08004b04                HRTIM1_TIMC_IRQHandler
                0x08004b04                TIM8_UP_IRQHandler
                0x08004b04                DMA2_Channel2_IRQHandler
                0x08004b04                DMA1_Channel4_IRQHandler
                0x08004b04                TIM20_TRG_COM_IRQHandler
                0x08004b04                DMA1_Channel7_IRQHandler
                0x08004b04                UART5_IRQHandler
                0x08004b04                ADC3_IRQHandler
                0x08004b04                TIM4_IRQHandler
                0x08004b04                DMA2_Channel1_IRQHandler
                0x08004b04                QUADSPI_IRQHandler
                0x08004b04                I2C1_EV_IRQHandler
                0x08004b04                DMA1_Channel6_IRQHandler
                0x08004b04                UART4_IRQHandler
                0x08004b04                DMA2_Channel4_IRQHandler
                0x08004b04                TIM3_IRQHandler
                0x08004b04                RCC_IRQHandler
                0x08004b04                TIM20_UP_IRQHandler
                0x08004b04                DMA1_Channel1_IRQHandler
                0x08004b04                Default_Handler
                0x08004b04                DMA2_Channel7_IRQHandler
                0x08004b04                RTC_TAMP_LSECSS_IRQHandler
                0x08004b04                FMAC_IRQHandler
                0x08004b04                DMA1_Channel8_IRQHandler
                0x08004b04                HRTIM1_TIMA_IRQHandler
                0x08004b04                TIM7_DAC_IRQHandler
                0x08004b04                FDCAN3_IT1_IRQHandler
                0x08004b04                TIM5_IRQHandler
                0x08004b04                UCPD1_IRQHandler
                0x08004b04                I2C3_EV_IRQHandler
                0x08004b04                RTC_WKUP_IRQHandler
                0x08004b04                PVD_PVM_IRQHandler
                0x08004b04                SPI2_IRQHandler
                0x08004b04                ADC5_IRQHandler
                0x08004b04                DMA2_Channel5_IRQHandler
                0x08004b04                CRS_IRQHandler
                0x08004b04                DMA1_Channel5_IRQHandler
                0x08004b04                USB_LP_IRQHandler
                0x08004b04                EXTI4_IRQHandler
                0x08004b04                RNG_IRQHandler
                0x08004b04                HRTIM1_TIMB_IRQHandler
                0x08004b04                TIM1_TRG_COM_TIM17_IRQHandler
                0x08004b04                FDCAN2_IT1_IRQHandler
                0x08004b04                DMA1_Channel3_IRQHandler
                0x08004b04                ADC4_IRQHandler
                0x08004b04                WWDG_IRQHandler
                0x08004b04                I2C4_EV_IRQHandler
                0x08004b04                FDCAN2_IT0_IRQHandler
                0x08004b04                DMA2_Channel6_IRQHandler
                0x08004b04                FDCAN1_IT0_IRQHandler
                0x08004b04                TIM2_IRQHandler
                0x08004b04                COMP7_IRQHandler
                0x08004b04                COMP1_2_3_IRQHandler
                0x08004b04                EXTI1_IRQHandler
                0x08004b04                USART2_IRQHandler
                0x08004b04                COMP4_5_6_IRQHandler
                0x08004b04                TIM20_BRK_IRQHandler
                0x08004b04                I2C2_ER_IRQHandler
                0x08004b04                DMA1_Channel2_IRQHandler
                0x08004b04                TIM8_BRK_IRQHandler
                0x08004b04                FLASH_IRQHandler
                0x08004b04                TIM20_CC_IRQHandler
                0x08004b04                USART1_IRQHandler
                0x08004b04                SPI3_IRQHandler
                0x08004b04                I2C1_ER_IRQHandler
                0x08004b04                FMC_IRQHandler
                0x08004b04                LPTIM1_IRQHandler
                0x08004b04                DMAMUX_OVR_IRQHandler
                0x08004b04                I2C4_ER_IRQHandler
                0x08004b04                USBWakeUp_IRQHandler
                0x08004b04                SAI1_IRQHandler
                0x08004b04                DMA2_Channel3_IRQHandler
                0x08004b04                TIM1_BRK_TIM15_IRQHandler
 .text.HAL_Init
                0x08004b06       0x30 ./Drivers/STM32G4xx_HAL_Driver/Src/stm32g4xx_hal.o
                0x08004b06                HAL_Init
 *fill*         0x08004b36        0x2 
 .text.HAL_InitTick
                0x08004b38       0x74 ./Drivers/STM32G4xx_HAL_Driver/Src/stm32g4xx_hal.o
                0x08004b38                HAL_InitTick
 .text.HAL_IncTick
                0x08004bac       0x24 ./Drivers/STM32G4xx_HAL_Driver/Src/stm32g4xx_hal.o
                0x08004bac                HAL_IncTick
 .text.HAL_GetTick
                0x08004bd0       0x18 ./Drivers/STM32G4xx_HAL_Driver/Src/stm32g4xx_hal.o
                0x08004bd0                HAL_GetTick
 .text.HAL_Delay
                0x08004be8       0x44 ./Drivers/STM32G4xx_HAL_Driver/Src/stm32g4xx_hal.o
                0x08004be8                HAL_Delay
 .text.__NVIC_SetPriorityGrouping
                0x08004c2c       0x48 ./Drivers/STM32G4xx_HAL_Driver/Src/stm32g4xx_hal_cortex.o
 .text.__NVIC_GetPriorityGrouping
                0x08004c74       0x1c ./Drivers/STM32G4xx_HAL_Driver/Src/stm32g4xx_hal_cortex.o
 .text.__NVIC_EnableIRQ
                0x08004c90       0x3c ./Drivers/STM32G4xx_HAL_Driver/Src/stm32g4xx_hal_cortex.o
 .text.__NVIC_SetPriority
                0x08004ccc       0x54 ./Drivers/STM32G4xx_HAL_Driver/Src/stm32g4xx_hal_cortex.o
 .text.NVIC_EncodePriority
                0x08004d20       0x66 ./Drivers/STM32G4xx_HAL_Driver/Src/stm32g4xx_hal_cortex.o
 *fill*         0x08004d86        0x2 
 .text.SysTick_Config
                0x08004d88       0x44 ./Drivers/STM32G4xx_HAL_Driver/Src/stm32g4xx_hal_cortex.o
 .text.HAL_NVIC_SetPriorityGrouping
                0x08004dcc       0x16 ./Drivers/STM32G4xx_HAL_Driver/Src/stm32g4xx_hal_cortex.o
                0x08004dcc                HAL_NVIC_SetPriorityGrouping
 .text.HAL_NVIC_SetPriority
                0x08004de2       0x34 ./Drivers/STM32G4xx_HAL_Driver/Src/stm32g4xx_hal_cortex.o
                0x08004de2                HAL_NVIC_SetPriority
 .text.HAL_NVIC_EnableIRQ
                0x08004e16       0x1c ./Drivers/STM32G4xx_HAL_Driver/Src/stm32g4xx_hal_cortex.o
                0x08004e16                HAL_NVIC_EnableIRQ
 .text.HAL_SYSTICK_Config
                0x08004e32       0x18 ./Drivers/STM32G4xx_HAL_Driver/Src/stm32g4xx_hal_cortex.o
                0x08004e32                HAL_SYSTICK_Config
 .text.HAL_DMA_Abort
                0x08004e4a       0xbc ./Drivers/STM32G4xx_HAL_Driver/Src/stm32g4xx_hal_dma.o
                0x08004e4a                HAL_DMA_Abort
 .text.HAL_DMA_Abort_IT
                0x08004f06       0xce ./Drivers/STM32G4xx_HAL_Driver/Src/stm32g4xx_hal_dma.o
                0x08004f06                HAL_DMA_Abort_IT
 .text.HAL_FDCAN_Init
                0x08004fd4      0x2b4 ./Drivers/STM32G4xx_HAL_Driver/Src/stm32g4xx_hal_fdcan.o
                0x08004fd4                HAL_FDCAN_Init
 .text.FDCAN_CalcultateRamBlockAddresses
                0x08005288       0xd8 ./Drivers/STM32G4xx_HAL_Driver/Src/stm32g4xx_hal_fdcan.o
 .text.HAL_GPIO_Init
                0x08005360      0x318 ./Drivers/STM32G4xx_HAL_Driver/Src/stm32g4xx_hal_gpio.o
                0x08005360                HAL_GPIO_Init
 .text.HAL_GPIO_ReadPin
                0x08005678       0x30 ./Drivers/STM32G4xx_HAL_Driver/Src/stm32g4xx_hal_gpio.o
                0x08005678                HAL_GPIO_ReadPin
 .text.HAL_GPIO_WritePin
                0x080056a8       0x30 ./Drivers/STM32G4xx_HAL_Driver/Src/stm32g4xx_hal_gpio.o
                0x080056a8                HAL_GPIO_WritePin
 .text.HAL_GPIO_EXTI_IRQHandler
                0x080056d8       0x30 ./Drivers/STM32G4xx_HAL_Driver/Src/stm32g4xx_hal_gpio.o
                0x080056d8                HAL_GPIO_EXTI_IRQHandler
 .text.HAL_PWREx_ControlVoltageScaling
                0x08005708      0x148 ./Drivers/STM32G4xx_HAL_Driver/Src/stm32g4xx_hal_pwr_ex.o
                0x08005708                HAL_PWREx_ControlVoltageScaling
 .text.HAL_PWREx_DisableUCPDDeadBattery
                0x08005850       0x20 ./Drivers/STM32G4xx_HAL_Driver/Src/stm32g4xx_hal_pwr_ex.o
                0x08005850                HAL_PWREx_DisableUCPDDeadBattery
 .text.HAL_RCC_OscConfig
                0x08005870      0x624 ./Drivers/STM32G4xx_HAL_Driver/Src/stm32g4xx_hal_rcc.o
                0x08005870                HAL_RCC_OscConfig
 .text.HAL_RCC_ClockConfig
                0x08005e94      0x278 ./Drivers/STM32G4xx_HAL_Driver/Src/stm32g4xx_hal_rcc.o
                0x08005e94                HAL_RCC_ClockConfig
 .text.HAL_RCC_GetSysClockFreq
                0x0800610c       0xc4 ./Drivers/STM32G4xx_HAL_Driver/Src/stm32g4xx_hal_rcc.o
                0x0800610c                HAL_RCC_GetSysClockFreq
 .text.HAL_RCC_GetHCLKFreq
                0x080061d0       0x18 ./Drivers/STM32G4xx_HAL_Driver/Src/stm32g4xx_hal_rcc.o
                0x080061d0                HAL_RCC_GetHCLKFreq
 .text.HAL_RCC_GetPCLK1Freq
                0x080061e8       0x2c ./Drivers/STM32G4xx_HAL_Driver/Src/stm32g4xx_hal_rcc.o
                0x080061e8                HAL_RCC_GetPCLK1Freq
 .text.HAL_RCC_GetPCLK2Freq
                0x08006214       0x2c ./Drivers/STM32G4xx_HAL_Driver/Src/stm32g4xx_hal_rcc.o
                0x08006214                HAL_RCC_GetPCLK2Freq
 .text.RCC_GetSysClockFreqFromPLLSource
                0x08006240       0x8c ./Drivers/STM32G4xx_HAL_Driver/Src/stm32g4xx_hal_rcc.o
 .text.HAL_RCCEx_PeriphCLKConfig
                0x080062cc      0x49c ./Drivers/STM32G4xx_HAL_Driver/Src/stm32g4xx_hal_rcc_ex.o
                0x080062cc                HAL_RCCEx_PeriphCLKConfig
 .text.HAL_TIM_Base_Init
                0x08006768       0xae ./Drivers/STM32G4xx_HAL_Driver/Src/stm32g4xx_hal_tim.o
                0x08006768                HAL_TIM_Base_Init
 *fill*         0x08006816        0x2 
 .text.HAL_TIM_Base_Start_IT
                0x08006818       0xf0 ./Drivers/STM32G4xx_HAL_Driver/Src/stm32g4xx_hal_tim.o
                0x08006818                HAL_TIM_Base_Start_IT
 .text.HAL_TIM_PWM_Init
                0x08006908       0xae ./Drivers/STM32G4xx_HAL_Driver/Src/stm32g4xx_hal_tim.o
                0x08006908                HAL_TIM_PWM_Init
 .text.HAL_TIM_PWM_MspInit
                0x080069b6       0x14 ./Drivers/STM32G4xx_HAL_Driver/Src/stm32g4xx_hal_tim.o
                0x080069b6                HAL_TIM_PWM_MspInit
 *fill*         0x080069ca        0x2 
 .text.HAL_TIM_PWM_Start
                0x080069cc      0x224 ./Drivers/STM32G4xx_HAL_Driver/Src/stm32g4xx_hal_tim.o
                0x080069cc                HAL_TIM_PWM_Start
 .text.HAL_TIM_Encoder_Init
                0x08006bf0      0x14c ./Drivers/STM32G4xx_HAL_Driver/Src/stm32g4xx_hal_tim.o
                0x08006bf0                HAL_TIM_Encoder_Init
 .text.HAL_TIM_Encoder_Start
                0x08006d3c      0x11c ./Drivers/STM32G4xx_HAL_Driver/Src/stm32g4xx_hal_tim.o
                0x08006d3c                HAL_TIM_Encoder_Start
 .text.HAL_TIM_IRQHandler
                0x08006e58      0x29e ./Drivers/STM32G4xx_HAL_Driver/Src/stm32g4xx_hal_tim.o
                0x08006e58                HAL_TIM_IRQHandler
 *fill*         0x080070f6        0x2 
 .text.HAL_TIM_PWM_ConfigChannel
                0x080070f8      0x228 ./Drivers/STM32G4xx_HAL_Driver/Src/stm32g4xx_hal_tim.o
                0x080070f8                HAL_TIM_PWM_ConfigChannel
 .text.HAL_TIM_ConfigClockSource
                0x08007320      0x22c ./Drivers/STM32G4xx_HAL_Driver/Src/stm32g4xx_hal_tim.o
                0x08007320                HAL_TIM_ConfigClockSource
 .text.HAL_TIM_OC_DelayElapsedCallback
                0x0800754c       0x14 ./Drivers/STM32G4xx_HAL_Driver/Src/stm32g4xx_hal_tim.o
                0x0800754c                HAL_TIM_OC_DelayElapsedCallback
 .text.HAL_TIM_IC_CaptureCallback
                0x08007560       0x14 ./Drivers/STM32G4xx_HAL_Driver/Src/stm32g4xx_hal_tim.o
                0x08007560                HAL_TIM_IC_CaptureCallback
 .text.HAL_TIM_PWM_PulseFinishedCallback
                0x08007574       0x14 ./Drivers/STM32G4xx_HAL_Driver/Src/stm32g4xx_hal_tim.o
                0x08007574                HAL_TIM_PWM_PulseFinishedCallback
 .text.HAL_TIM_TriggerCallback
                0x08007588       0x14 ./Drivers/STM32G4xx_HAL_Driver/Src/stm32g4xx_hal_tim.o
                0x08007588                HAL_TIM_TriggerCallback
 .text.TIM_Base_SetConfig
                0x0800759c      0x15c ./Drivers/STM32G4xx_HAL_Driver/Src/stm32g4xx_hal_tim.o
                0x0800759c                TIM_Base_SetConfig
 .text.TIM_OC1_SetConfig
                0x080076f8      0x138 ./Drivers/STM32G4xx_HAL_Driver/Src/stm32g4xx_hal_tim.o
 .text.TIM_OC2_SetConfig
                0x08007830      0x12c ./Drivers/STM32G4xx_HAL_Driver/Src/stm32g4xx_hal_tim.o
                0x08007830                TIM_OC2_SetConfig
 .text.TIM_OC3_SetConfig
                0x0800795c      0x128 ./Drivers/STM32G4xx_HAL_Driver/Src/stm32g4xx_hal_tim.o
 .text.TIM_OC4_SetConfig
                0x08007a84      0x12c ./Drivers/STM32G4xx_HAL_Driver/Src/stm32g4xx_hal_tim.o
 .text.TIM_OC5_SetConfig
                0x08007bb0       0xd4 ./Drivers/STM32G4xx_HAL_Driver/Src/stm32g4xx_hal_tim.o
 .text.TIM_OC6_SetConfig
                0x08007c84       0xd8 ./Drivers/STM32G4xx_HAL_Driver/Src/stm32g4xx_hal_tim.o
 .text.TIM_TI1_ConfigInputStage
                0x08007d5c       0xb4 ./Drivers/STM32G4xx_HAL_Driver/Src/stm32g4xx_hal_tim.o
 .text.TIM_TI2_ConfigInputStage
                0x08007e10       0x90 ./Drivers/STM32G4xx_HAL_Driver/Src/stm32g4xx_hal_tim.o
 .text.TIM_ITRx_SetConfig
                0x08007ea0       0x3a ./Drivers/STM32G4xx_HAL_Driver/Src/stm32g4xx_hal_tim.o
 .text.TIM_ETR_SetConfig
                0x08007eda       0x40 ./Drivers/STM32G4xx_HAL_Driver/Src/stm32g4xx_hal_tim.o
                0x08007eda                TIM_ETR_SetConfig
 .text.TIM_CCxChannelCmd
                0x08007f1a       0x4a ./Drivers/STM32G4xx_HAL_Driver/Src/stm32g4xx_hal_tim.o
                0x08007f1a                TIM_CCxChannelCmd
 .text.HAL_TIMEx_MasterConfigSynchronization
                0x08007f64      0x12c ./Drivers/STM32G4xx_HAL_Driver/Src/stm32g4xx_hal_tim_ex.o
                0x08007f64                HAL_TIMEx_MasterConfigSynchronization
 .text.HAL_TIMEx_ConfigBreakDeadTime
                0x08008090      0x128 ./Drivers/STM32G4xx_HAL_Driver/Src/stm32g4xx_hal_tim_ex.o
                0x08008090                HAL_TIMEx_ConfigBreakDeadTime
 .text.HAL_TIMEx_CommutCallback
                0x080081b8       0x14 ./Drivers/STM32G4xx_HAL_Driver/Src/stm32g4xx_hal_tim_ex.o
                0x080081b8                HAL_TIMEx_CommutCallback
 .text.HAL_TIMEx_BreakCallback
                0x080081cc       0x14 ./Drivers/STM32G4xx_HAL_Driver/Src/stm32g4xx_hal_tim_ex.o
                0x080081cc                HAL_TIMEx_BreakCallback
 .text.HAL_TIMEx_Break2Callback
                0x080081e0       0x14 ./Drivers/STM32G4xx_HAL_Driver/Src/stm32g4xx_hal_tim_ex.o
                0x080081e0                HAL_TIMEx_Break2Callback
 .text.HAL_TIMEx_EncoderIndexCallback
                0x080081f4       0x14 ./Drivers/STM32G4xx_HAL_Driver/Src/stm32g4xx_hal_tim_ex.o
                0x080081f4                HAL_TIMEx_EncoderIndexCallback
 .text.HAL_TIMEx_DirectionChangeCallback
                0x08008208       0x14 ./Drivers/STM32G4xx_HAL_Driver/Src/stm32g4xx_hal_tim_ex.o
                0x08008208                HAL_TIMEx_DirectionChangeCallback
 .text.HAL_TIMEx_IndexErrorCallback
                0x0800821c       0x14 ./Drivers/STM32G4xx_HAL_Driver/Src/stm32g4xx_hal_tim_ex.o
                0x0800821c                HAL_TIMEx_IndexErrorCallback
 .text.HAL_TIMEx_TransitionErrorCallback
                0x08008230       0x14 ./Drivers/STM32G4xx_HAL_Driver/Src/stm32g4xx_hal_tim_ex.o
                0x08008230                HAL_TIMEx_TransitionErrorCallback
 .text.HAL_UART_Init
                0x08008244       0xa0 ./Drivers/STM32G4xx_HAL_Driver/Src/stm32g4xx_hal_uart.o
                0x08008244                HAL_UART_Init
 .text.HAL_UART_Transmit
                0x080082e4      0x132 ./Drivers/STM32G4xx_HAL_Driver/Src/stm32g4xx_hal_uart.o
                0x080082e4                HAL_UART_Transmit
 *fill*         0x08008416        0x2 
 .text.HAL_UART_Transmit_IT
                0x08008418      0x128 ./Drivers/STM32G4xx_HAL_Driver/Src/stm32g4xx_hal_uart.o
                0x08008418                HAL_UART_Transmit_IT
 .text.HAL_UART_Receive_IT
                0x08008540       0x98 ./Drivers/STM32G4xx_HAL_Driver/Src/stm32g4xx_hal_uart.o
                0x08008540                HAL_UART_Receive_IT
 .text.HAL_UART_IRQHandler
                0x080085d8      0x684 ./Drivers/STM32G4xx_HAL_Driver/Src/stm32g4xx_hal_uart.o
                0x080085d8                HAL_UART_IRQHandler
 .text.HAL_UART_TxCpltCallback
                0x08008c5c       0x14 ./Drivers/STM32G4xx_HAL_Driver/Src/stm32g4xx_hal_uart.o
                0x08008c5c                HAL_UART_TxCpltCallback
 .text.HAL_UART_ErrorCallback
                0x08008c70       0x14 ./Drivers/STM32G4xx_HAL_Driver/Src/stm32g4xx_hal_uart.o
                0x08008c70                HAL_UART_ErrorCallback
 .text.HAL_UARTEx_RxEventCallback
                0x08008c84       0x18 ./Drivers/STM32G4xx_HAL_Driver/Src/stm32g4xx_hal_uart.o
                0x08008c84                HAL_UARTEx_RxEventCallback
 .text.UART_SetConfig
                0x08008c9c      0x5f8 ./Drivers/STM32G4xx_HAL_Driver/Src/stm32g4xx_hal_uart.o
                0x08008c9c                UART_SetConfig
 .text.UART_AdvFeatureConfig
                0x08009294      0x144 ./Drivers/STM32G4xx_HAL_Driver/Src/stm32g4xx_hal_uart.o
                0x08009294                UART_AdvFeatureConfig
 .text.UART_CheckIdleState
                0x080093d8      0x154 ./Drivers/STM32G4xx_HAL_Driver/Src/stm32g4xx_hal_uart.o
                0x080093d8                UART_CheckIdleState
 .text.UART_WaitOnFlagUntilTimeout
                0x0800952c       0xda ./Drivers/STM32G4xx_HAL_Driver/Src/stm32g4xx_hal_uart.o
                0x0800952c                UART_WaitOnFlagUntilTimeout
 *fill*         0x08009606        0x2 
 .text.UART_Start_Receive_IT
                0x08009608      0x244 ./Drivers/STM32G4xx_HAL_Driver/Src/stm32g4xx_hal_uart.o
                0x08009608                UART_Start_Receive_IT
 .text.UART_EndRxTransfer
                0x0800984c       0xcc ./Drivers/STM32G4xx_HAL_Driver/Src/stm32g4xx_hal_uart.o
 .text.UART_DMAAbortOnError
                0x08009918       0x1c ./Drivers/STM32G4xx_HAL_Driver/Src/stm32g4xx_hal_uart.o
 .text.UART_TxISR_8BIT
                0x08009934       0xb8 ./Drivers/STM32G4xx_HAL_Driver/Src/stm32g4xx_hal_uart.o
 .text.UART_TxISR_16BIT
                0x080099ec       0xc2 ./Drivers/STM32G4xx_HAL_Driver/Src/stm32g4xx_hal_uart.o
 .text.UART_TxISR_8BIT_FIFOEN
                0x08009aae       0xe0 ./Drivers/STM32G4xx_HAL_Driver/Src/stm32g4xx_hal_uart.o
 .text.UART_TxISR_16BIT_FIFOEN
                0x08009b8e       0xea ./Drivers/STM32G4xx_HAL_Driver/Src/stm32g4xx_hal_uart.o
 .text.UART_EndTransmit_IT
                0x08009c78       0x56 ./Drivers/STM32G4xx_HAL_Driver/Src/stm32g4xx_hal_uart.o
 *fill*         0x08009cce        0x2 
 .text.UART_RxISR_8BIT
                0x08009cd0      0x1b8 ./Drivers/STM32G4xx_HAL_Driver/Src/stm32g4xx_hal_uart.o
 .text.UART_RxISR_16BIT
                0x08009e88      0x1b8 ./Drivers/STM32G4xx_HAL_Driver/Src/stm32g4xx_hal_uart.o
 .text.UART_RxISR_8BIT_FIFOEN
                0x0800a040      0x364 ./Drivers/STM32G4xx_HAL_Driver/Src/stm32g4xx_hal_uart.o
 .text.UART_RxISR_16BIT_FIFOEN
                0x0800a3a4      0x36c ./Drivers/STM32G4xx_HAL_Driver/Src/stm32g4xx_hal_uart.o
 .text.HAL_UARTEx_WakeupCallback
                0x0800a710       0x14 ./Drivers/STM32G4xx_HAL_Driver/Src/stm32g4xx_hal_uart_ex.o
                0x0800a710                HAL_UARTEx_WakeupCallback
 .text.HAL_UARTEx_RxFifoFullCallback
                0x0800a724       0x14 ./Drivers/STM32G4xx_HAL_Driver/Src/stm32g4xx_hal_uart_ex.o
                0x0800a724                HAL_UARTEx_RxFifoFullCallback
 .text.HAL_UARTEx_TxFifoEmptyCallback
                0x0800a738       0x14 ./Drivers/STM32G4xx_HAL_Driver/Src/stm32g4xx_hal_uart_ex.o
                0x0800a738                HAL_UARTEx_TxFifoEmptyCallback
 .text.HAL_UARTEx_DisableFifoMode
                0x0800a74c       0x72 ./Drivers/STM32G4xx_HAL_Driver/Src/stm32g4xx_hal_uart_ex.o
                0x0800a74c                HAL_UARTEx_DisableFifoMode
 .text.HAL_UARTEx_SetTxFifoThreshold
                0x0800a7be       0x7c ./Drivers/STM32G4xx_HAL_Driver/Src/stm32g4xx_hal_uart_ex.o
                0x0800a7be                HAL_UARTEx_SetTxFifoThreshold
 .text.HAL_UARTEx_SetRxFifoThreshold
                0x0800a83a       0x7c ./Drivers/STM32G4xx_HAL_Driver/Src/stm32g4xx_hal_uart_ex.o
                0x0800a83a                HAL_UARTEx_SetRxFifoThreshold
 *fill*         0x0800a8b6        0x2 
 .text.UARTEx_SetNbDataToProcess
                0x0800a8b8       0x9c ./Drivers/STM32G4xx_HAL_Driver/Src/stm32g4xx_hal_uart_ex.o
 .text.std      0x0800a954       0x6c C:/ST/STM32CubeIDE_1.19.0/STM32CubeIDE/plugins/com.st.stm32cube.ide.mcu.externaltools.gnu-tools-for-stm32.13.3.rel1.win32_1.0.0.202411081344/tools/bin/../lib/gcc/arm-none-eabi/13.3.1/../../../../arm-none-eabi/lib/thumb/v7e-m+fp/hard\libc_nano.a(libc_a-findfp.o)
 .text.stdio_exit_handler
                0x0800a9c0       0x18 C:/ST/STM32CubeIDE_1.19.0/STM32CubeIDE/plugins/com.st.stm32cube.ide.mcu.externaltools.gnu-tools-for-stm32.13.3.rel1.win32_1.0.0.202411081344/tools/bin/../lib/gcc/arm-none-eabi/13.3.1/../../../../arm-none-eabi/lib/thumb/v7e-m+fp/hard\libc_nano.a(libc_a-findfp.o)
 .text.cleanup_stdio
                0x0800a9d8       0x40 C:/ST/STM32CubeIDE_1.19.0/STM32CubeIDE/plugins/com.st.stm32cube.ide.mcu.externaltools.gnu-tools-for-stm32.13.3.rel1.win32_1.0.0.202411081344/tools/bin/../lib/gcc/arm-none-eabi/13.3.1/../../../../arm-none-eabi/lib/thumb/v7e-m+fp/hard\libc_nano.a(libc_a-findfp.o)
 .text.global_stdio_init.part.0
                0x0800aa18       0x3c C:/ST/STM32CubeIDE_1.19.0/STM32CubeIDE/plugins/com.st.stm32cube.ide.mcu.externaltools.gnu-tools-for-stm32.13.3.rel1.win32_1.0.0.202411081344/tools/bin/../lib/gcc/arm-none-eabi/13.3.1/../../../../arm-none-eabi/lib/thumb/v7e-m+fp/hard\libc_nano.a(libc_a-findfp.o)
 .text.__sfp_lock_acquire
                0x0800aa54        0xc C:/ST/STM32CubeIDE_1.19.0/STM32CubeIDE/plugins/com.st.stm32cube.ide.mcu.externaltools.gnu-tools-for-stm32.13.3.rel1.win32_1.0.0.202411081344/tools/bin/../lib/gcc/arm-none-eabi/13.3.1/../../../../arm-none-eabi/lib/thumb/v7e-m+fp/hard\libc_nano.a(libc_a-findfp.o)
                0x0800aa54                __sfp_lock_acquire
 .text.__sfp_lock_release
                0x0800aa60        0xc C:/ST/STM32CubeIDE_1.19.0/STM32CubeIDE/plugins/com.st.stm32cube.ide.mcu.externaltools.gnu-tools-for-stm32.13.3.rel1.win32_1.0.0.202411081344/tools/bin/../lib/gcc/arm-none-eabi/13.3.1/../../../../arm-none-eabi/lib/thumb/v7e-m+fp/hard\libc_nano.a(libc_a-findfp.o)
                0x0800aa60                __sfp_lock_release
 .text.__sinit  0x0800aa6c       0x30 C:/ST/STM32CubeIDE_1.19.0/STM32CubeIDE/plugins/com.st.stm32cube.ide.mcu.externaltools.gnu-tools-for-stm32.13.3.rel1.win32_1.0.0.202411081344/tools/bin/../lib/gcc/arm-none-eabi/13.3.1/../../../../arm-none-eabi/lib/thumb/v7e-m+fp/hard\libc_nano.a(libc_a-findfp.o)
                0x0800aa6c                __sinit
 .text._fwalk_sglue
                0x0800aa9c       0x3c C:/ST/STM32CubeIDE_1.19.0/STM32CubeIDE/plugins/com.st.stm32cube.ide.mcu.externaltools.gnu-tools-for-stm32.13.3.rel1.win32_1.0.0.202411081344/tools/bin/../lib/gcc/arm-none-eabi/13.3.1/../../../../arm-none-eabi/lib/thumb/v7e-m+fp/hard\libc_nano.a(libc_a-fwalk.o)
                0x0800aa9c                _fwalk_sglue
 .text.printf   0x0800aad8       0x24 C:/ST/STM32CubeIDE_1.19.0/STM32CubeIDE/plugins/com.st.stm32cube.ide.mcu.externaltools.gnu-tools-for-stm32.13.3.rel1.win32_1.0.0.202411081344/tools/bin/../lib/gcc/arm-none-eabi/13.3.1/../../../../arm-none-eabi/lib/thumb/v7e-m+fp/hard\libc_nano.a(libc_a-printf.o)
                0x0800aad8                iprintf
                0x0800aad8                printf
 .text._puts_r  0x0800aafc       0xaa C:/ST/STM32CubeIDE_1.19.0/STM32CubeIDE/plugins/com.st.stm32cube.ide.mcu.externaltools.gnu-tools-for-stm32.13.3.rel1.win32_1.0.0.202411081344/tools/bin/../lib/gcc/arm-none-eabi/13.3.1/../../../../arm-none-eabi/lib/thumb/v7e-m+fp/hard\libc_nano.a(libc_a-puts.o)
                0x0800aafc                _puts_r
 *fill*         0x0800aba6        0x2 
 .text.puts     0x0800aba8       0x10 C:/ST/STM32CubeIDE_1.19.0/STM32CubeIDE/plugins/com.st.stm32cube.ide.mcu.externaltools.gnu-tools-for-stm32.13.3.rel1.win32_1.0.0.202411081344/tools/bin/../lib/gcc/arm-none-eabi/13.3.1/../../../../arm-none-eabi/lib/thumb/v7e-m+fp/hard\libc_nano.a(libc_a-puts.o)
                0x0800aba8                puts
 .text.__sread  0x0800abb8       0x22 C:/ST/STM32CubeIDE_1.19.0/STM32CubeIDE/plugins/com.st.stm32cube.ide.mcu.externaltools.gnu-tools-for-stm32.13.3.rel1.win32_1.0.0.202411081344/tools/bin/../lib/gcc/arm-none-eabi/13.3.1/../../../../arm-none-eabi/lib/thumb/v7e-m+fp/hard\libc_nano.a(libc_a-stdio.o)
                0x0800abb8                __sread
 .text.__swrite
                0x0800abda       0x38 C:/ST/STM32CubeIDE_1.19.0/STM32CubeIDE/plugins/com.st.stm32cube.ide.mcu.externaltools.gnu-tools-for-stm32.13.3.rel1.win32_1.0.0.202411081344/tools/bin/../lib/gcc/arm-none-eabi/13.3.1/../../../../arm-none-eabi/lib/thumb/v7e-m+fp/hard\libc_nano.a(libc_a-stdio.o)
                0x0800abda                __swrite
 .text.__sseek  0x0800ac12       0x24 C:/ST/STM32CubeIDE_1.19.0/STM32CubeIDE/plugins/com.st.stm32cube.ide.mcu.externaltools.gnu-tools-for-stm32.13.3.rel1.win32_1.0.0.202411081344/tools/bin/../lib/gcc/arm-none-eabi/13.3.1/../../../../arm-none-eabi/lib/thumb/v7e-m+fp/hard\libc_nano.a(libc_a-stdio.o)
                0x0800ac12                __sseek
 .text.__sclose
                0x0800ac36        0x8 C:/ST/STM32CubeIDE_1.19.0/STM32CubeIDE/plugins/com.st.stm32cube.ide.mcu.externaltools.gnu-tools-for-stm32.13.3.rel1.win32_1.0.0.202411081344/tools/bin/../lib/gcc/arm-none-eabi/13.3.1/../../../../arm-none-eabi/lib/thumb/v7e-m+fp/hard\libc_nano.a(libc_a-stdio.o)
                0x0800ac36                __sclose
 .text.__swbuf_r
                0x0800ac3e       0x7c C:/ST/STM32CubeIDE_1.19.0/STM32CubeIDE/plugins/com.st.stm32cube.ide.mcu.externaltools.gnu-tools-for-stm32.13.3.rel1.win32_1.0.0.202411081344/tools/bin/../lib/gcc/arm-none-eabi/13.3.1/../../../../arm-none-eabi/lib/thumb/v7e-m+fp/hard\libc_nano.a(libc_a-wbuf.o)
                0x0800ac3e                __swbuf_r
 *fill*         0x0800acba        0x2 
 .text.__swsetup_r
                0x0800acbc       0xac C:/ST/STM32CubeIDE_1.19.0/STM32CubeIDE/plugins/com.st.stm32cube.ide.mcu.externaltools.gnu-tools-for-stm32.13.3.rel1.win32_1.0.0.202411081344/tools/bin/../lib/gcc/arm-none-eabi/13.3.1/../../../../arm-none-eabi/lib/thumb/v7e-m+fp/hard\libc_nano.a(libc_a-wsetup.o)
                0x0800acbc                __swsetup_r
 .text.memset   0x0800ad68       0x10 C:/ST/STM32CubeIDE_1.19.0/STM32CubeIDE/plugins/com.st.stm32cube.ide.mcu.externaltools.gnu-tools-for-stm32.13.3.rel1.win32_1.0.0.202411081344/tools/bin/../lib/gcc/arm-none-eabi/13.3.1/../../../../arm-none-eabi/lib/thumb/v7e-m+fp/hard\libc_nano.a(libc_a-memset.o)
                0x0800ad68                memset
 .text._close_r
                0x0800ad78       0x20 C:/ST/STM32CubeIDE_1.19.0/STM32CubeIDE/plugins/com.st.stm32cube.ide.mcu.externaltools.gnu-tools-for-stm32.13.3.rel1.win32_1.0.0.202411081344/tools/bin/../lib/gcc/arm-none-eabi/13.3.1/../../../../arm-none-eabi/lib/thumb/v7e-m+fp/hard\libc_nano.a(libc_a-closer.o)
                0x0800ad78                _close_r
 .text._lseek_r
                0x0800ad98       0x24 C:/ST/STM32CubeIDE_1.19.0/STM32CubeIDE/plugins/com.st.stm32cube.ide.mcu.externaltools.gnu-tools-for-stm32.13.3.rel1.win32_1.0.0.202411081344/tools/bin/../lib/gcc/arm-none-eabi/13.3.1/../../../../arm-none-eabi/lib/thumb/v7e-m+fp/hard\libc_nano.a(libc_a-lseekr.o)
                0x0800ad98                _lseek_r
 .text._read_r  0x0800adbc       0x24 C:/ST/STM32CubeIDE_1.19.0/STM32CubeIDE/plugins/com.st.stm32cube.ide.mcu.externaltools.gnu-tools-for-stm32.13.3.rel1.win32_1.0.0.202411081344/tools/bin/../lib/gcc/arm-none-eabi/13.3.1/../../../../arm-none-eabi/lib/thumb/v7e-m+fp/hard\libc_nano.a(libc_a-readr.o)
                0x0800adbc                _read_r
 .text._write_r
                0x0800ade0       0x24 C:/ST/STM32CubeIDE_1.19.0/STM32CubeIDE/plugins/com.st.stm32cube.ide.mcu.externaltools.gnu-tools-for-stm32.13.3.rel1.win32_1.0.0.202411081344/tools/bin/../lib/gcc/arm-none-eabi/13.3.1/../../../../arm-none-eabi/lib/thumb/v7e-m+fp/hard\libc_nano.a(libc_a-writer.o)
                0x0800ade0                _write_r
 .text.__errno  0x0800ae04        0xc C:/ST/STM32CubeIDE_1.19.0/STM32CubeIDE/plugins/com.st.stm32cube.ide.mcu.externaltools.gnu-tools-for-stm32.13.3.rel1.win32_1.0.0.202411081344/tools/bin/../lib/gcc/arm-none-eabi/13.3.1/../../../../arm-none-eabi/lib/thumb/v7e-m+fp/hard\libc_nano.a(libc_a-errno.o)
                0x0800ae04                __errno
 .text.__libc_init_array
                0x0800ae10       0x48 C:/ST/STM32CubeIDE_1.19.0/STM32CubeIDE/plugins/com.st.stm32cube.ide.mcu.externaltools.gnu-tools-for-stm32.13.3.rel1.win32_1.0.0.202411081344/tools/bin/../lib/gcc/arm-none-eabi/13.3.1/../../../../arm-none-eabi/lib/thumb/v7e-m+fp/hard\libc_nano.a(libc_a-init.o)
                0x0800ae10                __libc_init_array
 .text.__retarget_lock_init_recursive
                0x0800ae58        0x2 C:/ST/STM32CubeIDE_1.19.0/STM32CubeIDE/plugins/com.st.stm32cube.ide.mcu.externaltools.gnu-tools-for-stm32.13.3.rel1.win32_1.0.0.202411081344/tools/bin/../lib/gcc/arm-none-eabi/13.3.1/../../../../arm-none-eabi/lib/thumb/v7e-m+fp/hard\libc_nano.a(libc_a-lock.o)
                0x0800ae58                __retarget_lock_init_recursive
 .text.__retarget_lock_acquire_recursive
                0x0800ae5a        0x2 C:/ST/STM32CubeIDE_1.19.0/STM32CubeIDE/plugins/com.st.stm32cube.ide.mcu.externaltools.gnu-tools-for-stm32.13.3.rel1.win32_1.0.0.202411081344/tools/bin/../lib/gcc/arm-none-eabi/13.3.1/../../../../arm-none-eabi/lib/thumb/v7e-m+fp/hard\libc_nano.a(libc_a-lock.o)
                0x0800ae5a                __retarget_lock_acquire_recursive
 .text.__retarget_lock_release_recursive
                0x0800ae5c        0x2 C:/ST/STM32CubeIDE_1.19.0/STM32CubeIDE/plugins/com.st.stm32cube.ide.mcu.externaltools.gnu-tools-for-stm32.13.3.rel1.win32_1.0.0.202411081344/tools/bin/../lib/gcc/arm-none-eabi/13.3.1/../../../../arm-none-eabi/lib/thumb/v7e-m+fp/hard\libc_nano.a(libc_a-lock.o)
                0x0800ae5c                __retarget_lock_release_recursive
 .text.memcpy   0x0800ae5e       0x1c C:/ST/STM32CubeIDE_1.19.0/STM32CubeIDE/plugins/com.st.stm32cube.ide.mcu.externaltools.gnu-tools-for-stm32.13.3.rel1.win32_1.0.0.202411081344/tools/bin/../lib/gcc/arm-none-eabi/13.3.1/../../../../arm-none-eabi/lib/thumb/v7e-m+fp/hard\libc_nano.a(libc_a-memcpy-stub.o)
                0x0800ae5e                memcpy
 *fill*         0x0800ae7a        0x2 
 .text._free_r  0x0800ae7c       0x94 C:/ST/STM32CubeIDE_1.19.0/STM32CubeIDE/plugins/com.st.stm32cube.ide.mcu.externaltools.gnu-tools-for-stm32.13.3.rel1.win32_1.0.0.202411081344/tools/bin/../lib/gcc/arm-none-eabi/13.3.1/../../../../arm-none-eabi/lib/thumb/v7e-m+fp/hard\libc_nano.a(libc_a-freer.o)
                0x0800ae7c                _free_r
 .text.sbrk_aligned
                0x0800af10       0x44 C:/ST/STM32CubeIDE_1.19.0/STM32CubeIDE/plugins/com.st.stm32cube.ide.mcu.externaltools.gnu-tools-for-stm32.13.3.rel1.win32_1.0.0.202411081344/tools/bin/../lib/gcc/arm-none-eabi/13.3.1/../../../../arm-none-eabi/lib/thumb/v7e-m+fp/hard\libc_nano.a(libc_a-mallocr.o)
 .text._malloc_r
                0x0800af54      0x100 C:/ST/STM32CubeIDE_1.19.0/STM32CubeIDE/plugins/com.st.stm32cube.ide.mcu.externaltools.gnu-tools-for-stm32.13.3.rel1.win32_1.0.0.202411081344/tools/bin/../lib/gcc/arm-none-eabi/13.3.1/../../../../arm-none-eabi/lib/thumb/v7e-m+fp/hard\libc_nano.a(libc_a-mallocr.o)
                0x0800af54                _malloc_r
 .text.__malloc_lock
                0x0800b054        0xc C:/ST/STM32CubeIDE_1.19.0/STM32CubeIDE/plugins/com.st.stm32cube.ide.mcu.externaltools.gnu-tools-for-stm32.13.3.rel1.win32_1.0.0.202411081344/tools/bin/../lib/gcc/arm-none-eabi/13.3.1/../../../../arm-none-eabi/lib/thumb/v7e-m+fp/hard\libc_nano.a(libc_a-mlock.o)
                0x0800b054                __malloc_lock
 .text.__malloc_unlock
                0x0800b060        0xc C:/ST/STM32CubeIDE_1.19.0/STM32CubeIDE/plugins/com.st.stm32cube.ide.mcu.externaltools.gnu-tools-for-stm32.13.3.rel1.win32_1.0.0.202411081344/tools/bin/../lib/gcc/arm-none-eabi/13.3.1/../../../../arm-none-eabi/lib/thumb/v7e-m+fp/hard\libc_nano.a(libc_a-mlock.o)
                0x0800b060                __malloc_unlock
 .text.__sfputc_r
                0x0800b06c       0x2e C:/ST/STM32CubeIDE_1.19.0/STM32CubeIDE/plugins/com.st.stm32cube.ide.mcu.externaltools.gnu-tools-for-stm32.13.3.rel1.win32_1.0.0.202411081344/tools/bin/../lib/gcc/arm-none-eabi/13.3.1/../../../../arm-none-eabi/lib/thumb/v7e-m+fp/hard\libc_nano.a(libc_a-nano-vfprintf.o)
 .text.__sfputs_r
                0x0800b09a       0x24 C:/ST/STM32CubeIDE_1.19.0/STM32CubeIDE/plugins/com.st.stm32cube.ide.mcu.externaltools.gnu-tools-for-stm32.13.3.rel1.win32_1.0.0.202411081344/tools/bin/../lib/gcc/arm-none-eabi/13.3.1/../../../../arm-none-eabi/lib/thumb/v7e-m+fp/hard\libc_nano.a(libc_a-nano-vfprintf.o)
                0x0800b09a                __sfputs_r
 *fill*         0x0800b0be        0x2 
 .text._vfprintf_r
                0x0800b0c0      0x230 C:/ST/STM32CubeIDE_1.19.0/STM32CubeIDE/plugins/com.st.stm32cube.ide.mcu.externaltools.gnu-tools-for-stm32.13.3.rel1.win32_1.0.0.202411081344/tools/bin/../lib/gcc/arm-none-eabi/13.3.1/../../../../arm-none-eabi/lib/thumb/v7e-m+fp/hard\libc_nano.a(libc_a-nano-vfprintf.o)
                0x0800b0c0                _vfprintf_r
                0x0800b0c0                _vfiprintf_r
 .text._printf_common
                0x0800b2f0       0xda C:/ST/STM32CubeIDE_1.19.0/STM32CubeIDE/plugins/com.st.stm32cube.ide.mcu.externaltools.gnu-tools-for-stm32.13.3.rel1.win32_1.0.0.202411081344/tools/bin/../lib/gcc/arm-none-eabi/13.3.1/../../../../arm-none-eabi/lib/thumb/v7e-m+fp/hard\libc_nano.a(libc_a-nano-vfprintf_i.o)
                0x0800b2f0                _printf_common
 *fill*         0x0800b3ca        0x2 
 .text._printf_i
                0x0800b3cc      0x23c C:/ST/STM32CubeIDE_1.19.0/STM32CubeIDE/plugins/com.st.stm32cube.ide.mcu.externaltools.gnu-tools-for-stm32.13.3.rel1.win32_1.0.0.202411081344/tools/bin/../lib/gcc/arm-none-eabi/13.3.1/../../../../arm-none-eabi/lib/thumb/v7e-m+fp/hard\libc_nano.a(libc_a-nano-vfprintf_i.o)
                0x0800b3cc                _printf_i
 .text.__sflush_r
                0x0800b608      0x108 C:/ST/STM32CubeIDE_1.19.0/STM32CubeIDE/plugins/com.st.stm32cube.ide.mcu.externaltools.gnu-tools-for-stm32.13.3.rel1.win32_1.0.0.202411081344/tools/bin/../lib/gcc/arm-none-eabi/13.3.1/../../../../arm-none-eabi/lib/thumb/v7e-m+fp/hard\libc_nano.a(libc_a-fflush.o)
                0x0800b608                __sflush_r
 .text._fflush_r
                0x0800b710       0x50 C:/ST/STM32CubeIDE_1.19.0/STM32CubeIDE/plugins/com.st.stm32cube.ide.mcu.externaltools.gnu-tools-for-stm32.13.3.rel1.win32_1.0.0.202411081344/tools/bin/../lib/gcc/arm-none-eabi/13.3.1/../../../../arm-none-eabi/lib/thumb/v7e-m+fp/hard\libc_nano.a(libc_a-fflush.o)
                0x0800b710                _fflush_r
 .text.__swhatbuf_r
                0x0800b760       0x4c C:/ST/STM32CubeIDE_1.19.0/STM32CubeIDE/plugins/com.st.stm32cube.ide.mcu.externaltools.gnu-tools-for-stm32.13.3.rel1.win32_1.0.0.202411081344/tools/bin/../lib/gcc/arm-none-eabi/13.3.1/../../../../arm-none-eabi/lib/thumb/v7e-m+fp/hard\libc_nano.a(libc_a-makebuf.o)
                0x0800b760                __swhatbuf_r
 .text.__smakebuf_r
                0x0800b7ac       0x78 C:/ST/STM32CubeIDE_1.19.0/STM32CubeIDE/plugins/com.st.stm32cube.ide.mcu.externaltools.gnu-tools-for-stm32.13.3.rel1.win32_1.0.0.202411081344/tools/bin/../lib/gcc/arm-none-eabi/13.3.1/../../../../arm-none-eabi/lib/thumb/v7e-m+fp/hard\libc_nano.a(libc_a-makebuf.o)
                0x0800b7ac                __smakebuf_r
 .text._fstat_r
                0x0800b824       0x24 C:/ST/STM32CubeIDE_1.19.0/STM32CubeIDE/plugins/com.st.stm32cube.ide.mcu.externaltools.gnu-tools-for-stm32.13.3.rel1.win32_1.0.0.202411081344/tools/bin/../lib/gcc/arm-none-eabi/13.3.1/../../../../arm-none-eabi/lib/thumb/v7e-m+fp/hard\libc_nano.a(libc_a-fstatr.o)
                0x0800b824                _fstat_r
 .text._isatty_r
                0x0800b848       0x20 C:/ST/STM32CubeIDE_1.19.0/STM32CubeIDE/plugins/com.st.stm32cube.ide.mcu.externaltools.gnu-tools-for-stm32.13.3.rel1.win32_1.0.0.202411081344/tools/bin/../lib/gcc/arm-none-eabi/13.3.1/../../../../arm-none-eabi/lib/thumb/v7e-m+fp/hard\libc_nano.a(libc_a-isattyr.o)
                0x0800b848                _isatty_r
 .text._sbrk_r  0x0800b868       0x20 C:/ST/STM32CubeIDE_1.19.0/STM32CubeIDE/plugins/com.st.stm32cube.ide.mcu.externaltools.gnu-tools-for-stm32.13.3.rel1.win32_1.0.0.202411081344/tools/bin/../lib/gcc/arm-none-eabi/13.3.1/../../../../arm-none-eabi/lib/thumb/v7e-m+fp/hard\libc_nano.a(libc_a-sbrkr.o)
                0x0800b868                _sbrk_r
 *(.glue_7)
 .glue_7        0x0800b888        0x0 linker stubs
 *(.glue_7t)
 .glue_7t       0x0800b888        0x0 linker stubs
 *(.eh_frame)
 .eh_frame      0x0800b888        0x0 C:/ST/STM32CubeIDE_1.19.0/STM32CubeIDE/plugins/com.st.stm32cube.ide.mcu.externaltools.gnu-tools-for-stm32.13.3.rel1.win32_1.0.0.202411081344/tools/bin/../lib/gcc/arm-none-eabi/13.3.1/thumb/v7e-m+fp/hard/crtbegin.o
 *(.init)
 .init          0x0800b888        0x4 C:/ST/STM32CubeIDE_1.19.0/STM32CubeIDE/plugins/com.st.stm32cube.ide.mcu.externaltools.gnu-tools-for-stm32.13.3.rel1.win32_1.0.0.202411081344/tools/bin/../lib/gcc/arm-none-eabi/13.3.1/thumb/v7e-m+fp/hard/crti.o
                0x0800b888                _init
 .init          0x0800b88c        0x8 C:/ST/STM32CubeIDE_1.19.0/STM32CubeIDE/plugins/com.st.stm32cube.ide.mcu.externaltools.gnu-tools-for-stm32.13.3.rel1.win32_1.0.0.202411081344/tools/bin/../lib/gcc/arm-none-eabi/13.3.1/thumb/v7e-m+fp/hard/crtn.o
 *(.fini)
 .fini          0x0800b894        0x4 C:/ST/STM32CubeIDE_1.19.0/STM32CubeIDE/plugins/com.st.stm32cube.ide.mcu.externaltools.gnu-tools-for-stm32.13.3.rel1.win32_1.0.0.202411081344/tools/bin/../lib/gcc/arm-none-eabi/13.3.1/thumb/v7e-m+fp/hard/crti.o
                0x0800b894                _fini
 .fini          0x0800b898        0x8 C:/ST/STM32CubeIDE_1.19.0/STM32CubeIDE/plugins/com.st.stm32cube.ide.mcu.externaltools.gnu-tools-for-stm32.13.3.rel1.win32_1.0.0.202411081344/tools/bin/../lib/gcc/arm-none-eabi/13.3.1/thumb/v7e-m+fp/hard/crtn.o
                0x0800b8a0                        . = ALIGN (0x4)
                0x0800b8a0                        _etext = .

.vfp11_veneer   0x0800b8a0        0x0
 .vfp11_veneer  0x0800b8a0        0x0 linker stubs

.v4_bx          0x0800b8a0        0x0
 .v4_bx         0x0800b8a0        0x0 linker stubs

.iplt           0x0800b8a0        0x0
 .iplt          0x0800b8a0        0x0 C:/ST/STM32CubeIDE_1.19.0/STM32CubeIDE/plugins/com.st.stm32cube.ide.mcu.externaltools.gnu-tools-for-stm32.13.3.rel1.win32_1.0.0.202411081344/tools/bin/../lib/gcc/arm-none-eabi/13.3.1/thumb/v7e-m+fp/hard/crtbegin.o

.rodata         0x0800b8a0      0x7c8
                0x0800b8a0                        . = ALIGN (0x4)
 *(.rodata)
 .rodata        0x0800b8a0      0x144 ./Core/Src/main.o
 .rodata        0x0800b9e4      0x40e ./Core/Src/motor_controller.o
 *(.rodata*)
 *fill*         0x0800bdf2        0x2 
 .rodata.auchCRCHi
                0x0800bdf4      0x100 ./Core/Src/modbus_rtu.o
 .rodata.auchCRCLo
                0x0800bef4      0x100 ./Core/Src/modbus_rtu.o
 .rodata.AHBPrescTable
                0x0800bff4       0x10 ./Core/Src/system_stm32g4xx.o
                0x0800bff4                AHBPrescTable
 .rodata.APBPrescTable
                0x0800c004        0x8 ./Core/Src/system_stm32g4xx.o
                0x0800c004                APBPrescTable
 .rodata.UARTPrescTable
                0x0800c00c       0x18 ./Drivers/STM32G4xx_HAL_Driver/Src/stm32g4xx_hal_uart.o
                0x0800c00c                UARTPrescTable
 .rodata.numerator.1
                0x0800c024        0x8 ./Drivers/STM32G4xx_HAL_Driver/Src/stm32g4xx_hal_uart_ex.o
 .rodata.denominator.0
                0x0800c02c        0x8 ./Drivers/STM32G4xx_HAL_Driver/Src/stm32g4xx_hal_uart_ex.o
 .rodata._vfprintf_r.str1.1
                0x0800c034       0x33 C:/ST/STM32CubeIDE_1.19.0/STM32CubeIDE/plugins/com.st.stm32cube.ide.mcu.externaltools.gnu-tools-for-stm32.13.3.rel1.win32_1.0.0.202411081344/tools/bin/../lib/gcc/arm-none-eabi/13.3.1/../../../../arm-none-eabi/lib/thumb/v7e-m+fp/hard\libc_nano.a(libc_a-nano-vfprintf.o)
                                 0x11 (size before relaxing)
 .rodata._printf_i.str1.1
                0x0800c067       0x22 C:/ST/STM32CubeIDE_1.19.0/STM32CubeIDE/plugins/com.st.stm32cube.ide.mcu.externaltools.gnu-tools-for-stm32.13.3.rel1.win32_1.0.0.202411081344/tools/bin/../lib/gcc/arm-none-eabi/13.3.1/../../../../arm-none-eabi/lib/thumb/v7e-m+fp/hard\libc_nano.a(libc_a-nano-vfprintf_i.o)
                0x0800c08c                        . = ALIGN (0x4)
 *fill*         0x0800c067        0x1 

.ARM.extab      0x0800c068        0x0
                0x0800c068                        . = ALIGN (0x4)
 *(.ARM.extab* .gnu.linkonce.armextab.*)
                0x0800c068                        . = ALIGN (0x4)

.ARM            0x0800c068        0x8
                0x0800c068                        . = ALIGN (0x4)
                0x0800c068                        __exidx_start = .
 *(.ARM.exidx*)
 .ARM.exidx     0x0800c068        0x8 C:/ST/STM32CubeIDE_1.19.0/STM32CubeIDE/plugins/com.st.stm32cube.ide.mcu.externaltools.gnu-tools-for-stm32.13.3.rel1.win32_1.0.0.202411081344/tools/bin/../lib/gcc/arm-none-eabi/13.3.1/../../../../arm-none-eabi/lib/thumb/v7e-m+fp/hard\libc_nano.a(libc_a-memchr.o)
 .ARM.exidx     0x0800c070        0x0 C:/ST/STM32CubeIDE_1.19.0/STM32CubeIDE/plugins/com.st.stm32cube.ide.mcu.externaltools.gnu-tools-for-stm32.13.3.rel1.win32_1.0.0.202411081344/tools/bin/../lib/gcc/arm-none-eabi/13.3.1/thumb/v7e-m+fp/hard\libgcc.a(_udivmoddi4.o)
                                  0x8 (size before relaxing)
                0x0800c070                        __exidx_end = .
                0x0800c070                        . = ALIGN (0x4)

.preinit_array  0x0800c070        0x0
                0x0800c070                        . = ALIGN (0x4)
                0x0800c070                        PROVIDE (__preinit_array_start = .)
 *(.preinit_array*)
                0x0800c070                        PROVIDE (__preinit_array_end = .)
                0x0800c070                        . = ALIGN (0x4)

.init_array     0x0800c070        0x4
                0x0800c070                        . = ALIGN (0x4)
                0x0800c070                        PROVIDE (__init_array_start = .)
 *(SORT_BY_NAME(.init_array.*))
 *(.init_array*)
 .init_array    0x0800c070        0x4 C:/ST/STM32CubeIDE_1.19.0/STM32CubeIDE/plugins/com.st.stm32cube.ide.mcu.externaltools.gnu-tools-for-stm32.13.3.rel1.win32_1.0.0.202411081344/tools/bin/../lib/gcc/arm-none-eabi/13.3.1/thumb/v7e-m+fp/hard/crtbegin.o
                0x0800c074                        PROVIDE (__init_array_end = .)
                0x0800c074                        . = ALIGN (0x4)

.fini_array     0x0800c074        0x4
                0x0800c074                        . = ALIGN (0x4)
                [!provide]                        PROVIDE (__fini_array_start = .)
 *(SORT_BY_NAME(.fini_array.*))
 *(.fini_array*)
 .fini_array    0x0800c074        0x4 C:/ST/STM32CubeIDE_1.19.0/STM32CubeIDE/plugins/com.st.stm32cube.ide.mcu.externaltools.gnu-tools-for-stm32.13.3.rel1.win32_1.0.0.202411081344/tools/bin/../lib/gcc/arm-none-eabi/13.3.1/thumb/v7e-m+fp/hard/crtbegin.o
                [!provide]                        PROVIDE (__fini_array_end = .)
                0x0800c078                        . = ALIGN (0x4)
                0x0800c078                        _sidata = LOADADDR (.data)

.rel.dyn        0x0800c078        0x0
 .rel.iplt      0x0800c078        0x0 C:/ST/STM32CubeIDE_1.19.0/STM32CubeIDE/plugins/com.st.stm32cube.ide.mcu.externaltools.gnu-tools-for-stm32.13.3.rel1.win32_1.0.0.202411081344/tools/bin/../lib/gcc/arm-none-eabi/13.3.1/thumb/v7e-m+fp/hard/crtbegin.o

.data           0x20000000       0x90 load address 0x0800c078
                0x20000000                        . = ALIGN (0x4)
                0x20000000                        _sdata = .
 *(.data)
 *(.data*)
 .data.hw       0x20000000       0x11 ./Core/Src/hw_io.o
                0x20000000                hw
 .data.emergency_stop
                0x20000011        0x1 ./Core/Src/motor_controller.o
                0x20000011                emergency_stop
 .data.safety_enabled
                0x20000012        0x1 ./Core/Src/motor_controller.o
                0x20000012                safety_enabled
 *fill*         0x20000013        0x1 
 .data.control_dt
                0x20000014        0x4 ./Core/Src/motor_controller.o
 .data.resolution_step
                0x20000018        0x4 ./Core/Src/motor_controller.o
 .data.h_wiggle_amp
                0x2000001c        0x4 ./Core/Src/motor_controller.o
 .data.h_direction
                0x20000020        0x4 ./Core/Src/motor_controller.o
 .data.last_safety_char
                0x20000024        0x1 ./Core/Src/motor_controller.o
 .data.is_open.0
                0x20000025        0x1 ./Core/Src/motor_controller.o
 *fill*         0x20000026        0x2 
 .data.SystemCoreClock
                0x20000028        0x4 ./Core/Src/system_stm32g4xx.o
                0x20000028                SystemCoreClock
 .data.uwTickPrio
                0x2000002c        0x4 ./Drivers/STM32G4xx_HAL_Driver/Src/stm32g4xx_hal.o
                0x2000002c                uwTickPrio
 .data.uwTickFreq
                0x20000030        0x4 ./Drivers/STM32G4xx_HAL_Driver/Src/stm32g4xx_hal.o
                0x20000030                uwTickFreq
 .data.__sglue  0x20000034        0xc C:/ST/STM32CubeIDE_1.19.0/STM32CubeIDE/plugins/com.st.stm32cube.ide.mcu.externaltools.gnu-tools-for-stm32.13.3.rel1.win32_1.0.0.202411081344/tools/bin/../lib/gcc/arm-none-eabi/13.3.1/../../../../arm-none-eabi/lib/thumb/v7e-m+fp/hard\libc_nano.a(libc_a-findfp.o)
                0x20000034                __sglue
 .data._impure_ptr
                0x20000040        0x4 C:/ST/STM32CubeIDE_1.19.0/STM32CubeIDE/plugins/com.st.stm32cube.ide.mcu.externaltools.gnu-tools-for-stm32.13.3.rel1.win32_1.0.0.202411081344/tools/bin/../lib/gcc/arm-none-eabi/13.3.1/../../../../arm-none-eabi/lib/thumb/v7e-m+fp/hard\libc_nano.a(libc_a-impure.o)
                0x20000040                _impure_ptr
 .data._impure_data
                0x20000044       0x4c C:/ST/STM32CubeIDE_1.19.0/STM32CubeIDE/plugins/com.st.stm32cube.ide.mcu.externaltools.gnu-tools-for-stm32.13.3.rel1.win32_1.0.0.202411081344/tools/bin/../lib/gcc/arm-none-eabi/13.3.1/../../../../arm-none-eabi/lib/thumb/v7e-m+fp/hard\libc_nano.a(libc_a-impure.o)
                0x20000044                _impure_data
 *(.RamFunc)
 *(.RamFunc*)
                0x20000090                        . = ALIGN (0x4)
                0x20000090                        _edata = .

.igot.plt       0x20000090        0x0 load address 0x0800c108
 .igot.plt      0x20000090        0x0 C:/ST/STM32CubeIDE_1.19.0/STM32CubeIDE/plugins/com.st.stm32cube.ide.mcu.externaltools.gnu-tools-for-stm32.13.3.rel1.win32_1.0.0.202411081344/tools/bin/../lib/gcc/arm-none-eabi/13.3.1/thumb/v7e-m+fp/hard/crtbegin.o
                0x20000090                        . = ALIGN (0x4)

.bss            0x20000090     0x3a70 load address 0x0800c108
                0x20000090                        _sbss = .
                0x20000090                        __bss_start__ = _sbss
 *(.bss)
 .bss           0x20000090       0x1c C:/ST/STM32CubeIDE_1.19.0/STM32CubeIDE/plugins/com.st.stm32cube.ide.mcu.externaltools.gnu-tools-for-stm32.13.3.rel1.win32_1.0.0.202411081344/tools/bin/../lib/gcc/arm-none-eabi/13.3.1/thumb/v7e-m+fp/hard/crtbegin.o
 *(.bss*)
 .bss.hfdcan1   0x200000ac       0x64 ./Core/Src/main.o
                0x200000ac                hfdcan1
 .bss.hlpuart1  0x20000110       0x94 ./Core/Src/main.o
                0x20000110                hlpuart1
 .bss.huart3    0x200001a4       0x94 ./Core/Src/main.o
                0x200001a4                huart3
 .bss.htim1     0x20000238       0x4c ./Core/Src/main.o
                0x20000238                htim1
 .bss.htim3     0x20000284       0x4c ./Core/Src/main.o
                0x20000284                htim3
 .bss.htim6     0x200002d0       0x4c ./Core/Src/main.o
                0x200002d0                htim6
 .bss.htim16    0x2000031c       0x4c ./Core/Src/main.o
                0x2000031c                htim16
 .bss.rx_byte   0x20000368        0x1 ./Core/Src/main.o
                0x20000368                rx_byte
 *fill*         0x20000369        0x3 
 .bss.rx_packet
                0x2000036c        0x4 ./Core/Src/main.o
                0x2000036c                rx_packet
 .bss.rx_ptr    0x20000370        0x4 ./Core/Src/main.o
                0x20000370                rx_ptr
 .bss.rx_debug_log
                0x20000374       0x10 ./Core/Src/main.o
                0x20000374                rx_debug_log
 .bss.debug_idx
                0x20000384        0x1 ./Core/Src/main.o
                0x20000384                debug_idx
 .bss.modbus_rx_byte
                0x20000385        0x1 ./Core/Src/main.o
                0x20000385                modbus_rx_byte
 *fill*         0x20000386        0x2 
 .bss.last_homing_tick.0
                0x20000388        0x4 ./Core/Src/main.o
 .bss.hmodbus   0x2000038c      0x4d0 ./Core/Src/modbus_bridge.o
 .bss.register_frame
                0x2000085c      0x100 ./Core/Src/modbus_bridge.o
 .bss.modbus_initialized
                0x2000095c        0x1 ./Core/Src/modbus_bridge.o
 *fill*         0x2000095d        0x3 
 .bss.debug_rx_log
                0x20000960        0x8 ./Core/Src/modbus_bridge.o
 .bss.debug_rx_idx
                0x20000968        0x1 ./Core/Src/modbus_bridge.o
 .bss.current_mode
                0x20000969        0x1 ./Core/Src/motor_controller.o
                0x20000969                current_mode
 .bss.control_system_mode
                0x2000096a        0x1 ./Core/Src/motor_controller.o
                0x2000096a                control_system_mode
 .bss.jog_mode  0x2000096b        0x1 ./Core/Src/motor_controller.o
                0x2000096b                jog_mode
 .bss.autotune_trigger
                0x2000096c        0x1 ./Core/Src/motor_controller.o
                0x2000096c                autotune_trigger
 .bss.autotune_status
                0x2000096d        0x1 ./Core/Src/motor_controller.o
                0x2000096d                autotune_status
 *fill*         0x2000096e        0x2 
 .bss.tuning_progress
                0x20000970        0x4 ./Core/Src/motor_controller.o
                0x20000970                tuning_progress
 .bss.tuning    0x20000974       0x34 ./Core/Src/motor_controller.o
                0x20000974                tuning
 .bss.is_joystick_connected
                0x200009a8        0x1 ./Core/Src/motor_controller.o
                0x200009a8                is_joystick_connected
 .bss.fault_code
                0x200009a9        0x1 ./Core/Src/motor_controller.o
                0x200009a9                fault_code
 *fill*         0x200009aa        0x2 
 .bss.target_position_deg
                0x200009ac        0x4 ./Core/Src/motor_controller.o
                0x200009ac                target_position_deg
 .bss.buffered_target_pos
                0x200009b0        0x4 ./Core/Src/motor_controller.o
                0x200009b0                buffered_target_pos
 .bss.ghost_move_active
                0x200009b4        0x1 ./Core/Src/motor_controller.o
                0x200009b4                ghost_move_active
 *fill*         0x200009b5        0x3 
 .bss.ghost_settle_start_tick
                0x200009b8        0x4 ./Core/Src/motor_controller.o
                0x200009b8                ghost_settle_start_tick
 .bss.original_home_offset_deg
                0x200009bc        0x4 ./Core/Src/motor_controller.o
                0x200009bc                original_home_offset_deg
 .bss.trigger_homing_sequence
                0x200009c0        0x1 ./Core/Src/motor_controller.o
                0x200009c0                trigger_homing_sequence
 *fill*         0x200009c1        0x3 
 .bss.ghost_buffer
                0x200009c4     0x2ee0 ./Core/Src/motor_controller.o
                0x200009c4                ghost_buffer
 .bss.ghost_buffer_idx
                0x200038a4        0x4 ./Core/Src/motor_controller.o
                0x200038a4                ghost_buffer_idx
 .bss.ghost_dump_requested
                0x200038a8        0x1 ./Core/Src/motor_controller.o
                0x200038a8                ghost_dump_requested
 *fill*         0x200038a9        0x3 
 .bss.open_loop_test_tick
                0x200038ac        0x4 ./Core/Src/motor_controller.o
 .bss.m_button_hold_tick
                0x200038b0        0x4 ./Core/Src/motor_controller.o
 .bss.m_button_active
                0x200038b4        0x1 ./Core/Src/motor_controller.o
 *fill*         0x200038b5        0x3 
 .bss.y_button_hold_tick
                0x200038b8        0x4 ./Core/Src/motor_controller.o
 .bss.y_button_active
                0x200038bc        0x1 ./Core/Src/motor_controller.o
 *fill*         0x200038bd        0x3 
 .bss.b_button_hold_tick
                0x200038c0        0x4 ./Core/Src/motor_controller.o
 .bss.b_button_active
                0x200038c4        0x1 ./Core/Src/motor_controller.o
 *fill*         0x200038c5        0x3 
 .bss.last_rpm_for_accel
                0x200038c8        0x4 ./Core/Src/motor_controller.o
 .bss.a_press_tick
                0x200038cc        0x4 ./Core/Src/motor_controller.o
 .bss.stall_timer
                0x200038d0        0x4 ./Core/Src/motor_controller.o
 .bss.encoder_fault_timer
                0x200038d4        0x4 ./Core/Src/motor_controller.o
 .bss.joystick_watchdog_timer
                0x200038d8        0x4 ./Core/Src/motor_controller.o
 .bss.last_absolute_counts
                0x200038dc        0x4 ./Core/Src/motor_controller.o
 .bss.a_button_is_held
                0x200038e0        0x1 ./Core/Src/motor_controller.o
 .bss.a_long_press_handled
                0x200038e1        0x1 ./Core/Src/motor_controller.o
 *fill*         0x200038e2        0x2 
 .bss.a_button_click_count
                0x200038e4        0x4 ./Core/Src/motor_controller.o
 .bss.a_button_last_release_tick
                0x200038e8        0x4 ./Core/Src/motor_controller.o
 .bss.a_button_evaluating
                0x200038ec        0x1 ./Core/Src/motor_controller.o
 *fill*         0x200038ed        0x3 
 .bss.atune     0x200038f0       0x28 ./Core/Src/motor_controller.o
 .bss.pid_speed
                0x20003918       0x24 ./Core/Src/motor_controller.o
                0x20003918                pid_speed
 .bss.pid_position
                0x2000393c       0x24 ./Core/Src/motor_controller.o
                0x2000393c                pid_position
 .bss.encoder   0x20003960       0x10 ./Core/Src/motor_controller.o
                0x20003960                encoder
 .bss.motion_config
                0x20003970        0xc ./Core/Src/motor_controller.o
                0x20003970                motion_config
 .bss.trajectory
                0x2000397c       0x14 ./Core/Src/motor_controller.o
                0x2000397c                trajectory
 .bss.step_executed
                0x20003990        0x1 ./Core/Src/motor_controller.o
 .bss.h_state   0x20003991        0x1 ./Core/Src/motor_controller.o
 *fill*         0x20003992        0x2 
 .bss.h_edge_a  0x20003994        0x4 ./Core/Src/motor_controller.o
 .bss.h_edge_b  0x20003998        0x4 ./Core/Src/motor_controller.o
 .bss.h_start_pos
                0x2000399c        0x4 ./Core/Src/motor_controller.o
 .bss.last_joystick_status
                0x200039a0        0x1 ./Core/Src/motor_controller.o
 *fill*         0x200039a1        0x3 
 .bss.last_warn_up.2
                0x200039a4        0x4 ./Core/Src/motor_controller.o
 .bss.last_warn_dn.1
                0x200039a8        0x4 ./Core/Src/motor_controller.o
 .bss.__sbrk_heap_end
                0x200039ac        0x4 ./Core/Src/sysmem.o
 .bss.uwTick    0x200039b0        0x4 ./Drivers/STM32G4xx_HAL_Driver/Src/stm32g4xx_hal.o
                0x200039b0                uwTick
 .bss.__sf      0x200039b4      0x138 C:/ST/STM32CubeIDE_1.19.0/STM32CubeIDE/plugins/com.st.stm32cube.ide.mcu.externaltools.gnu-tools-for-stm32.13.3.rel1.win32_1.0.0.202411081344/tools/bin/../lib/gcc/arm-none-eabi/13.3.1/../../../../arm-none-eabi/lib/thumb/v7e-m+fp/hard\libc_nano.a(libc_a-findfp.o)
                0x200039b4                __sf
 .bss.__stdio_exit_handler
                0x20003aec        0x4 C:/ST/STM32CubeIDE_1.19.0/STM32CubeIDE/plugins/com.st.stm32cube.ide.mcu.externaltools.gnu-tools-for-stm32.13.3.rel1.win32_1.0.0.202411081344/tools/bin/../lib/gcc/arm-none-eabi/13.3.1/../../../../arm-none-eabi/lib/thumb/v7e-m+fp/hard\libc_nano.a(libc_a-findfp.o)
                0x20003aec                __stdio_exit_handler
 .bss.errno     0x20003af0        0x4 C:/ST/STM32CubeIDE_1.19.0/STM32CubeIDE/plugins/com.st.stm32cube.ide.mcu.externaltools.gnu-tools-for-stm32.13.3.rel1.win32_1.0.0.202411081344/tools/bin/../lib/gcc/arm-none-eabi/13.3.1/../../../../arm-none-eabi/lib/thumb/v7e-m+fp/hard\libc_nano.a(libc_a-reent.o)
                0x20003af0                errno
 .bss.__lock___malloc_recursive_mutex
                0x20003af4        0x1 C:/ST/STM32CubeIDE_1.19.0/STM32CubeIDE/plugins/com.st.stm32cube.ide.mcu.externaltools.gnu-tools-for-stm32.13.3.rel1.win32_1.0.0.202411081344/tools/bin/../lib/gcc/arm-none-eabi/13.3.1/../../../../arm-none-eabi/lib/thumb/v7e-m+fp/hard\libc_nano.a(libc_a-lock.o)
                0x20003af4                __lock___malloc_recursive_mutex
 .bss.__lock___sfp_recursive_mutex
                0x20003af5        0x1 C:/ST/STM32CubeIDE_1.19.0/STM32CubeIDE/plugins/com.st.stm32cube.ide.mcu.externaltools.gnu-tools-for-stm32.13.3.rel1.win32_1.0.0.202411081344/tools/bin/../lib/gcc/arm-none-eabi/13.3.1/../../../../arm-none-eabi/lib/thumb/v7e-m+fp/hard\libc_nano.a(libc_a-lock.o)
                0x20003af5                __lock___sfp_recursive_mutex
 *fill*         0x20003af6        0x2 
 .bss.__malloc_sbrk_start
                0x20003af8        0x4 C:/ST/STM32CubeIDE_1.19.0/STM32CubeIDE/plugins/com.st.stm32cube.ide.mcu.externaltools.gnu-tools-for-stm32.13.3.rel1.win32_1.0.0.202411081344/tools/bin/../lib/gcc/arm-none-eabi/13.3.1/../../../../arm-none-eabi/lib/thumb/v7e-m+fp/hard\libc_nano.a(libc_a-mallocr.o)
                0x20003af8                __malloc_sbrk_start
 .bss.__malloc_free_list
                0x20003afc        0x4 C:/ST/STM32CubeIDE_1.19.0/STM32CubeIDE/plugins/com.st.stm32cube.ide.mcu.externaltools.gnu-tools-for-stm32.13.3.rel1.win32_1.0.0.202411081344/tools/bin/../lib/gcc/arm-none-eabi/13.3.1/../../../../arm-none-eabi/lib/thumb/v7e-m+fp/hard\libc_nano.a(libc_a-mallocr.o)
                0x20003afc                __malloc_free_list
 *(COMMON)
                0x20003b00                        . = ALIGN (0x4)
                0x20003b00                        _ebss = .
                0x20003b00                        __bss_end__ = _ebss

._user_heap_stack
                0x20003b00      0x600 load address 0x0800c108
                0x20003b00                        . = ALIGN (0x8)
                [!provide]                        PROVIDE (end = .)
                0x20003b00                        PROVIDE (_end = .)
                0x20003d00                        . = (. + _Min_Heap_Size)
 *fill*         0x20003b00      0x200 
                0x20004100                        . = (. + _Min_Stack_Size)
 *fill*         0x20003d00      0x400 
                0x20004100                        . = ALIGN (0x8)

/DISCARD/
 libc.a(*)
 libm.a(*)
 libgcc.a(*)

.ARM.attributes
                0x00000000       0x30
 *(.ARM.attributes)
 .ARM.attributes
                0x00000000       0x22 C:/ST/STM32CubeIDE_1.19.0/STM32CubeIDE/plugins/com.st.stm32cube.ide.mcu.externaltools.gnu-tools-for-stm32.13.3.rel1.win32_1.0.0.202411081344/tools/bin/../lib/gcc/arm-none-eabi/13.3.1/thumb/v7e-m+fp/hard/crti.o
 .ARM.attributes
                0x00000022       0x34 C:/ST/STM32CubeIDE_1.19.0/STM32CubeIDE/plugins/com.st.stm32cube.ide.mcu.externaltools.gnu-tools-for-stm32.13.3.rel1.win32_1.0.0.202411081344/tools/bin/../lib/gcc/arm-none-eabi/13.3.1/thumb/v7e-m+fp/hard/crtbegin.o
 .ARM.attributes
                0x00000056       0x34 ./Core/Src/hw_io.o
 .ARM.attributes
                0x0000008a       0x34 ./Core/Src/main.o
 .ARM.attributes
                0x000000be       0x34 ./Core/Src/modbus_bridge.o
 .ARM.attributes
                0x000000f2       0x34 ./Core/Src/modbus_rtu.o
 .ARM.attributes
                0x00000126       0x34 ./Core/Src/motor_controller.o
 .ARM.attributes
                0x0000015a       0x34 ./Core/Src/stm32g4xx_hal_msp.o
 .ARM.attributes
                0x0000018e       0x34 ./Core/Src/stm32g4xx_it.o
 .ARM.attributes
                0x000001c2       0x34 ./Core/Src/syscalls.o
 .ARM.attributes
                0x000001f6       0x34 ./Core/Src/sysmem.o
 .ARM.attributes
                0x0000022a       0x34 ./Core/Src/system_stm32g4xx.o
 .ARM.attributes
                0x0000025e       0x21 ./Core/Startup/startup_stm32g474retx.o
 .ARM.attributes
                0x0000027f       0x34 ./Drivers/STM32G4xx_HAL_Driver/Src/stm32g4xx_hal.o
 .ARM.attributes
                0x000002b3       0x34 ./Drivers/STM32G4xx_HAL_Driver/Src/stm32g4xx_hal_cortex.o
 .ARM.attributes
                0x000002e7       0x34 ./Drivers/STM32G4xx_HAL_Driver/Src/stm32g4xx_hal_dma.o
 .ARM.attributes
                0x0000031b       0x34 ./Drivers/STM32G4xx_HAL_Driver/Src/stm32g4xx_hal_fdcan.o
 .ARM.attributes
                0x0000034f       0x34 ./Drivers/STM32G4xx_HAL_Driver/Src/stm32g4xx_hal_gpio.o
 .ARM.attributes
                0x00000383       0x34 ./Drivers/STM32G4xx_HAL_Driver/Src/stm32g4xx_hal_pwr_ex.o
 .ARM.attributes
                0x000003b7       0x34 ./Drivers/STM32G4xx_HAL_Driver/Src/stm32g4xx_hal_rcc.o
 .ARM.attributes
                0x000003eb       0x34 ./Drivers/STM32G4xx_HAL_Driver/Src/stm32g4xx_hal_rcc_ex.o
 .ARM.attributes
                0x0000041f       0x34 ./Drivers/STM32G4xx_HAL_Driver/Src/stm32g4xx_hal_tim.o
 .ARM.attributes
                0x00000453       0x34 ./Drivers/STM32G4xx_HAL_Driver/Src/stm32g4xx_hal_tim_ex.o
 .ARM.attributes
                0x00000487       0x34 ./Drivers/STM32G4xx_HAL_Driver/Src/stm32g4xx_hal_uart.o
 .ARM.attributes
                0x000004bb       0x34 ./Drivers/STM32G4xx_HAL_Driver/Src/stm32g4xx_hal_uart_ex.o
 .ARM.attributes
                0x000004ef       0x34 C:/ST/STM32CubeIDE_1.19.0/STM32CubeIDE/plugins/com.st.stm32cube.ide.mcu.externaltools.gnu-tools-for-stm32.13.3.rel1.win32_1.0.0.202411081344/tools/bin/../lib/gcc/arm-none-eabi/13.3.1/../../../../arm-none-eabi/lib/thumb/v7e-m+fp/hard\libc_nano.a(libc_a-findfp.o)
 .ARM.attributes
                0x00000523       0x34 C:/ST/STM32CubeIDE_1.19.0/STM32CubeIDE/plugins/com.st.stm32cube.ide.mcu.externaltools.gnu-tools-for-stm32.13.3.rel1.win32_1.0.0.202411081344/tools/bin/../lib/gcc/arm-none-eabi/13.3.1/../../../../arm-none-eabi/lib/thumb/v7e-m+fp/hard\libc_nano.a(libc_a-fwalk.o)
 .ARM.attributes
                0x00000557       0x34 C:/ST/STM32CubeIDE_1.19.0/STM32CubeIDE/plugins/com.st.stm32cube.ide.mcu.externaltools.gnu-tools-for-stm32.13.3.rel1.win32_1.0.0.202411081344/tools/bin/../lib/gcc/arm-none-eabi/13.3.1/../../../../arm-none-eabi/lib/thumb/v7e-m+fp/hard\libc_nano.a(libc_a-printf.o)
 .ARM.attributes
                0x0000058b       0x34 C:/ST/STM32CubeIDE_1.19.0/STM32CubeIDE/plugins/com.st.stm32cube.ide.mcu.externaltools.gnu-tools-for-stm32.13.3.rel1.win32_1.0.0.202411081344/tools/bin/../lib/gcc/arm-none-eabi/13.3.1/../../../../arm-none-eabi/lib/thumb/v7e-m+fp/hard\libc_nano.a(libc_a-puts.o)
 .ARM.attributes
                0x000005bf       0x34 C:/ST/STM32CubeIDE_1.19.0/STM32CubeIDE/plugins/com.st.stm32cube.ide.mcu.externaltools.gnu-tools-for-stm32.13.3.rel1.win32_1.0.0.202411081344/tools/bin/../lib/gcc/arm-none-eabi/13.3.1/../../../../arm-none-eabi/lib/thumb/v7e-m+fp/hard\libc_nano.a(libc_a-stdio.o)
 .ARM.attributes
                0x000005f3       0x34 C:/ST/STM32CubeIDE_1.19.0/STM32CubeIDE/plugins/com.st.stm32cube.ide.mcu.externaltools.gnu-tools-for-stm32.13.3.rel1.win32_1.0.0.202411081344/tools/bin/../lib/gcc/arm-none-eabi/13.3.1/../../../../arm-none-eabi/lib/thumb/v7e-m+fp/hard\libc_nano.a(libc_a-wbuf.o)
 .ARM.attributes
                0x00000627       0x34 C:/ST/STM32CubeIDE_1.19.0/STM32CubeIDE/plugins/com.st.stm32cube.ide.mcu.externaltools.gnu-tools-for-stm32.13.3.rel1.win32_1.0.0.202411081344/tools/bin/../lib/gcc/arm-none-eabi/13.3.1/../../../../arm-none-eabi/lib/thumb/v7e-m+fp/hard\libc_nano.a(libc_a-wsetup.o)
 .ARM.attributes
                0x0000065b       0x34 C:/ST/STM32CubeIDE_1.19.0/STM32CubeIDE/plugins/com.st.stm32cube.ide.mcu.externaltools.gnu-tools-for-stm32.13.3.rel1.win32_1.0.0.202411081344/tools/bin/../lib/gcc/arm-none-eabi/13.3.1/../../../../arm-none-eabi/lib/thumb/v7e-m+fp/hard\libc_nano.a(libc_a-memset.o)
 .ARM.attributes
                0x0000068f       0x34 C:/ST/STM32CubeIDE_1.19.0/STM32CubeIDE/plugins/com.st.stm32cube.ide.mcu.externaltools.gnu-tools-for-stm32.13.3.rel1.win32_1.0.0.202411081344/tools/bin/../lib/gcc/arm-none-eabi/13.3.1/../../../../arm-none-eabi/lib/thumb/v7e-m+fp/hard\libc_nano.a(libc_a-closer.o)
 .ARM.attributes
                0x000006c3       0x34 C:/ST/STM32CubeIDE_1.19.0/STM32CubeIDE/plugins/com.st.stm32cube.ide.mcu.externaltools.gnu-tools-for-stm32.13.3.rel1.win32_1.0.0.202411081344/tools/bin/../lib/gcc/arm-none-eabi/13.3.1/../../../../arm-none-eabi/lib/thumb/v7e-m+fp/hard\libc_nano.a(libc_a-reent.o)
 .ARM.attributes
                0x000006f7       0x34 C:/ST/STM32CubeIDE_1.19.0/STM32CubeIDE/plugins/com.st.stm32cube.ide.mcu.externaltools.gnu-tools-for-stm32.13.3.rel1.win32_1.0.0.202411081344/tools/bin/../lib/gcc/arm-none-eabi/13.3.1/../../../../arm-none-eabi/lib/thumb/v7e-m+fp/hard\libc_nano.a(libc_a-impure.o)
 .ARM.attributes
                0x0000072b       0x34 C:/ST/STM32CubeIDE_1.19.0/STM32CubeIDE/plugins/com.st.stm32cube.ide.mcu.externaltools.gnu-tools-for-stm32.13.3.rel1.win32_1.0.0.202411081344/tools/bin/../lib/gcc/arm-none-eabi/13.3.1/../../../../arm-none-eabi/lib/thumb/v7e-m+fp/hard\libc_nano.a(libc_a-lseekr.o)
 .ARM.attributes
                0x0000075f       0x34 C:/ST/STM32CubeIDE_1.19.0/STM32CubeIDE/plugins/com.st.stm32cube.ide.mcu.externaltools.gnu-tools-for-stm32.13.3.rel1.win32_1.0.0.202411081344/tools/bin/../lib/gcc/arm-none-eabi/13.3.1/../../../../arm-none-eabi/lib/thumb/v7e-m+fp/hard\libc_nano.a(libc_a-readr.o)
 .ARM.attributes
                0x00000793       0x34 C:/ST/STM32CubeIDE_1.19.0/STM32CubeIDE/plugins/com.st.stm32cube.ide.mcu.externaltools.gnu-tools-for-stm32.13.3.rel1.win32_1.0.0.202411081344/tools/bin/../lib/gcc/arm-none-eabi/13.3.1/../../../../arm-none-eabi/lib/thumb/v7e-m+fp/hard\libc_nano.a(libc_a-writer.o)
 .ARM.attributes
                0x000007c7       0x34 C:/ST/STM32CubeIDE_1.19.0/STM32CubeIDE/plugins/com.st.stm32cube.ide.mcu.externaltools.gnu-tools-for-stm32.13.3.rel1.win32_1.0.0.202411081344/tools/bin/../lib/gcc/arm-none-eabi/13.3.1/../../../../arm-none-eabi/lib/thumb/v7e-m+fp/hard\libc_nano.a(libc_a-errno.o)
 .ARM.attributes
                0x000007fb       0x34 C:/ST/STM32CubeIDE_1.19.0/STM32CubeIDE/plugins/com.st.stm32cube.ide.mcu.externaltools.gnu-tools-for-stm32.13.3.rel1.win32_1.0.0.202411081344/tools/bin/../lib/gcc/arm-none-eabi/13.3.1/../../../../arm-none-eabi/lib/thumb/v7e-m+fp/hard\libc_nano.a(libc_a-init.o)
 .ARM.attributes
                0x0000082f       0x34 C:/ST/STM32CubeIDE_1.19.0/STM32CubeIDE/plugins/com.st.stm32cube.ide.mcu.externaltools.gnu-tools-for-stm32.13.3.rel1.win32_1.0.0.202411081344/tools/bin/../lib/gcc/arm-none-eabi/13.3.1/../../../../arm-none-eabi/lib/thumb/v7e-m+fp/hard\libc_nano.a(libc_a-lock.o)
 .ARM.attributes
                0x00000863       0x34 C:/ST/STM32CubeIDE_1.19.0/STM32CubeIDE/plugins/com.st.stm32cube.ide.mcu.externaltools.gnu-tools-for-stm32.13.3.rel1.win32_1.0.0.202411081344/tools/bin/../lib/gcc/arm-none-eabi/13.3.1/../../../../arm-none-eabi/lib/thumb/v7e-m+fp/hard\libc_nano.a(libc_a-memcpy-stub.o)
 .ARM.attributes
                0x00000897       0x34 C:/ST/STM32CubeIDE_1.19.0/STM32CubeIDE/plugins/com.st.stm32cube.ide.mcu.externaltools.gnu-tools-for-stm32.13.3.rel1.win32_1.0.0.202411081344/tools/bin/../lib/gcc/arm-none-eabi/13.3.1/../../../../arm-none-eabi/lib/thumb/v7e-m+fp/hard\libc_nano.a(libc_a-freer.o)
 .ARM.attributes
                0x000008cb       0x34 C:/ST/STM32CubeIDE_1.19.0/STM32CubeIDE/plugins/com.st.stm32cube.ide.mcu.externaltools.gnu-tools-for-stm32.13.3.rel1.win32_1.0.0.202411081344/tools/bin/../lib/gcc/arm-none-eabi/13.3.1/../../../../arm-none-eabi/lib/thumb/v7e-m+fp/hard\libc_nano.a(libc_a-mallocr.o)
 .ARM.attributes
                0x000008ff       0x34 C:/ST/STM32CubeIDE_1.19.0/STM32CubeIDE/plugins/com.st.stm32cube.ide.mcu.externaltools.gnu-tools-for-stm32.13.3.rel1.win32_1.0.0.202411081344/tools/bin/../lib/gcc/arm-none-eabi/13.3.1/../../../../arm-none-eabi/lib/thumb/v7e-m+fp/hard\libc_nano.a(libc_a-mlock.o)
 .ARM.attributes
                0x00000933       0x34 C:/ST/STM32CubeIDE_1.19.0/STM32CubeIDE/plugins/com.st.stm32cube.ide.mcu.externaltools.gnu-tools-for-stm32.13.3.rel1.win32_1.0.0.202411081344/tools/bin/../lib/gcc/arm-none-eabi/13.3.1/../../../../arm-none-eabi/lib/thumb/v7e-m+fp/hard\libc_nano.a(libc_a-nano-vfprintf.o)
 .ARM.attributes
                0x00000967       0x34 C:/ST/STM32CubeIDE_1.19.0/STM32CubeIDE/plugins/com.st.stm32cube.ide.mcu.externaltools.gnu-tools-for-stm32.13.3.rel1.win32_1.0.0.202411081344/tools/bin/../lib/gcc/arm-none-eabi/13.3.1/../../../../arm-none-eabi/lib/thumb/v7e-m+fp/hard\libc_nano.a(libc_a-nano-vfprintf_i.o)
 .ARM.attributes
                0x0000099b       0x34 C:/ST/STM32CubeIDE_1.19.0/STM32CubeIDE/plugins/com.st.stm32cube.ide.mcu.externaltools.gnu-tools-for-stm32.13.3.rel1.win32_1.0.0.202411081344/tools/bin/../lib/gcc/arm-none-eabi/13.3.1/../../../../arm-none-eabi/lib/thumb/v7e-m+fp/hard\libc_nano.a(libc_a-fflush.o)
 .ARM.attributes
                0x000009cf       0x34 C:/ST/STM32CubeIDE_1.19.0/STM32CubeIDE/plugins/com.st.stm32cube.ide.mcu.externaltools.gnu-tools-for-stm32.13.3.rel1.win32_1.0.0.202411081344/tools/bin/../lib/gcc/arm-none-eabi/13.3.1/../../../../arm-none-eabi/lib/thumb/v7e-m+fp/hard\libc_nano.a(libc_a-makebuf.o)
 .ARM.attributes
                0x00000a03       0x34 C:/ST/STM32CubeIDE_1.19.0/STM32CubeIDE/plugins/com.st.stm32cube.ide.mcu.externaltools.gnu-tools-for-stm32.13.3.rel1.win32_1.0.0.202411081344/tools/bin/../lib/gcc/arm-none-eabi/13.3.1/../../../../arm-none-eabi/lib/thumb/v7e-m+fp/hard\libc_nano.a(libc_a-fstatr.o)
 .ARM.attributes
                0x00000a37       0x34 C:/ST/STM32CubeIDE_1.19.0/STM32CubeIDE/plugins/com.st.stm32cube.ide.mcu.externaltools.gnu-tools-for-stm32.13.3.rel1.win32_1.0.0.202411081344/tools/bin/../lib/gcc/arm-none-eabi/13.3.1/../../../../arm-none-eabi/lib/thumb/v7e-m+fp/hard\libc_nano.a(libc_a-isattyr.o)
 .ARM.attributes
                0x00000a6b       0x34 C:/ST/STM32CubeIDE_1.19.0/STM32CubeIDE/plugins/com.st.stm32cube.ide.mcu.externaltools.gnu-tools-for-stm32.13.3.rel1.win32_1.0.0.202411081344/tools/bin/../lib/gcc/arm-none-eabi/13.3.1/../../../../arm-none-eabi/lib/thumb/v7e-m+fp/hard\libc_nano.a(libc_a-sbrkr.o)
 .ARM.attributes