../Core/Src/main.c:89:5:main	9
../Core/Src/main.c:199:6:SystemClock_Config	3
../Core/Src/main.c:246:13:MX_FDCAN1_Init	2
../Core/Src/main.c:289:13:MX_LPUART1_UART_Init	5
../Core/Src/main.c:336:13:MX_USART3_UART_Init	5
../Core/Src/main.c:385:13:MX_TIM1_Init	7
../Core/Src/main.c:467:13:MX_TIM3_Init	3
../Core/Src/main.c:516:13:MX_TIM6_Init	3
../Core/Src/main.c:554:13:MX_TIM16_Init	2
../Core/Src/main.c:586:13:MX_GPIO_Init	1
../Core/Src/main.c:666:5:_write	1
../Core/Src/main.c:672:6:HAL_GPIO_EXTI_Callback	2
../Core/Src/main.c:680:6:HAL_TIM_PeriodElapsedCallback	2
../Core/Src/main.c:687:6:HAL_UART_RxCpltCallback	7
../Core/Src/main.c:719:6:Error_Handler	1
