../Core/Src/motor_controller.c:102:14:PID_Compute	48	static
../Core/Src/motor_controller.c:125:13:PWM_Apply	32	static
../Core/Src/motor_controller.c:150:13:Encoder_Update	24	static
../Core/Src/motor_controller.c:178:13:Trajectory_Generator_Update	72	static
../Core/Src/motor_controller.c:281:6:Motor_RunHomingSequence	24	static
../Core/Src/motor_controller.c:397:6:Motor_Init	8	static
../Core/Src/motor_controller.c:451:6:Motor_MoveToPosition	16	static
../Core/Src/motor_controller.c:458:6:Motor_Stop	8	static
../Core/Src/motor_controller.c:464:6:Motor_SendAudioCommand	16	static
../Core/Src/motor_controller.c:469:6:Motor_SetVoltageLimit	24	static
../Core/Src/motor_controller.c:477:6:Motor_SetMotionProfile	24	static
../Core/Src/motor_controller.c:490:6:Motor_SetJogVelocity	16	static
../Core/Src/motor_controller.c:497:6:Motor_UpdateSelectionButton	16	static
../Core/Src/motor_controller.c:509:6:Motor_UpdateModeButton	16	static
../Core/Src/motor_controller.c:521:6:Motor_UpdateControlModeButton	16	static
../Core/Src/motor_controller.c:533:6:Motor_SetConnectionStatus	16	static
../Core/Src/motor_controller.c:538:6:Motor_SendDataToMatlab	24	static
../Core/Src/motor_controller.c:569:6:Motor_StartAutotune	8	static
../Core/Src/motor_controller.c:587:6:Motor_StartAutotuneSpeed	8	static
../Core/Src/motor_controller.c:609:6:Motor_ProcessPacket	24	static
../Core/Src/motor_controller.c:654:6:Motor_ProcessCommand	24	static
../Core/Src/motor_controller.c:829:6:Motor_ControlLoop	80	static
../Core/Src/motor_controller.c:1231:7:Motor_GetPosition	4	static
../Core/Src/motor_controller.c:1232:7:Motor_GetSpeed	4	static
../Core/Src/motor_controller.c:1238:6:Gripper_Up	8	static
../Core/Src/motor_controller.c:1239:6:Gripper_Down	8	static
../Core/Src/motor_controller.c:1240:6:Gripper_Open	8	static
../Core/Src/motor_controller.c:1241:6:Gripper_Close	8	static
../Core/Src/motor_controller.c:1243:6:Gripper_Toggle	8	static
../Core/Src/motor_controller.c:1251:6:Gripper_Sequence_Pick	8	static
../Core/Src/motor_controller.c:1264:6:Gripper_Sequence_Place	8	static
