../Core/Src/motor_controller.c:95:14:PID_Compute	48	static
../Core/Src/motor_controller.c:118:13:PWM_Apply	32	static
../Core/Src/motor_controller.c:143:13:Encoder_Update	24	static
../Core/Src/motor_controller.c:168:13:Trajectory_Generator_Update	72	static
../Core/Src/motor_controller.c:253:6:Motor_Init	8	static
../Core/Src/motor_controller.c:306:6:Motor_MoveToPosition	16	static
../Core/Src/motor_controller.c:313:6:Motor_SetVoltageLimit	24	static
../Core/Src/motor_controller.c:321:6:Motor_SetMotionProfile	24	static
../Core/Src/motor_controller.c:328:6:Motor_SetJogVelocity	16	static
../Core/Src/motor_controller.c:335:6:Motor_UpdateSelectionButton	16	static
../Core/Src/motor_controller.c:347:6:Motor_UpdateModeButton	16	static
../Core/Src/motor_controller.c:359:6:Motor_UpdateControlModeButton	16	static
../Core/Src/motor_controller.c:371:6:Motor_SetConnectionStatus	16	static
../Core/Src/motor_controller.c:376:6:Motor_SendDataToMatlab	24	static
../Core/Src/motor_controller.c:407:6:Motor_StartAutotune	8	static
../Core/Src/motor_controller.c:425:6:Motor_StartAutotuneSpeed	8	static
../Core/Src/motor_controller.c:444:6:Motor_ProcessCommand	24	static
../Core/Src/motor_controller.c:592:6:Motor_ControlLoop	64	static
../Core/Src/motor_controller.c:913:7:Motor_GetPosition	4	static
../Core/Src/motor_controller.c:914:7:Motor_GetSpeed	4	static
../Core/Src/motor_controller.c:920:6:Gripper_Up	8	static
../Core/Src/motor_controller.c:921:6:Gripper_Down	8	static
../Core/Src/motor_controller.c:922:6:Gripper_Open	8	static
../Core/Src/motor_controller.c:923:6:Gripper_Close	8	static
../Core/Src/motor_controller.c:925:6:Gripper_Toggle	8	static
../Core/Src/motor_controller.c:933:6:Gripper_Sequence_Pick	8	static
../Core/Src/motor_controller.c:946:6:Gripper_Sequence_Place	8	static
